Archive member included to satisfy reference by file (symbol)

/opt/st/stm32cubeide_1.11.2/plugins/com.st.stm32cube.ide.mcu.externaltools.gnu-tools-for-stm32.10.3-2021.10.linux64_1.0.100.202210260954/tools/bin/../lib/gcc/arm-none-eabi/10.3.1/../../../../arm-none-eabi/lib/thumb/v7-m/nofp/libc_nano.a(lib_a-errno.o)
                              ./Core/Src/syscalls.o (__errno)
/opt/st/stm32cubeide_1.11.2/plugins/com.st.stm32cube.ide.mcu.externaltools.gnu-tools-for-stm32.10.3-2021.10.linux64_1.0.100.202210260954/tools/bin/../lib/gcc/arm-none-eabi/10.3.1/../../../../arm-none-eabi/lib/thumb/v7-m/nofp/libc_nano.a(lib_a-exit.o)
                              /opt/st/stm32cubeide_1.11.2/plugins/com.st.stm32cube.ide.mcu.externaltools.gnu-tools-for-stm32.10.3-2021.10.linux64_1.0.100.202210260954/tools/bin/../lib/gcc/arm-none-eabi/10.3.1/../../../../arm-none-eabi/lib/thumb/v7-m/nofp/crt0.o (exit)
/opt/st/stm32cubeide_1.11.2/plugins/com.st.stm32cube.ide.mcu.externaltools.gnu-tools-for-stm32.10.3-2021.10.linux64_1.0.100.202210260954/tools/bin/../lib/gcc/arm-none-eabi/10.3.1/../../../../arm-none-eabi/lib/thumb/v7-m/nofp/libc_nano.a(lib_a-impure.o)
                              /opt/st/stm32cubeide_1.11.2/plugins/com.st.stm32cube.ide.mcu.externaltools.gnu-tools-for-stm32.10.3-2021.10.linux64_1.0.100.202210260954/tools/bin/../lib/gcc/arm-none-eabi/10.3.1/../../../../arm-none-eabi/lib/thumb/v7-m/nofp/libc_nano.a(lib_a-exit.o) (_global_impure_ptr)
/opt/st/stm32cubeide_1.11.2/plugins/com.st.stm32cube.ide.mcu.externaltools.gnu-tools-for-stm32.10.3-2021.10.linux64_1.0.100.202210260954/tools/bin/../lib/gcc/arm-none-eabi/10.3.1/../../../../arm-none-eabi/lib/thumb/v7-m/nofp/libc_nano.a(lib_a-init.o)
                              /opt/st/stm32cubeide_1.11.2/plugins/com.st.stm32cube.ide.mcu.externaltools.gnu-tools-for-stm32.10.3-2021.10.linux64_1.0.100.202210260954/tools/bin/../lib/gcc/arm-none-eabi/10.3.1/../../../../arm-none-eabi/lib/thumb/v7-m/nofp/crt0.o (__libc_init_array)
/opt/st/stm32cubeide_1.11.2/plugins/com.st.stm32cube.ide.mcu.externaltools.gnu-tools-for-stm32.10.3-2021.10.linux64_1.0.100.202210260954/tools/bin/../lib/gcc/arm-none-eabi/10.3.1/../../../../arm-none-eabi/lib/thumb/v7-m/nofp/libc_nano.a(lib_a-memmove.o)
                              ./Core/Src/wrapper.o (memmove)
/opt/st/stm32cubeide_1.11.2/plugins/com.st.stm32cube.ide.mcu.externaltools.gnu-tools-for-stm32.10.3-2021.10.linux64_1.0.100.202210260954/tools/bin/../lib/gcc/arm-none-eabi/10.3.1/../../../../arm-none-eabi/lib/thumb/v7-m/nofp/libc_nano.a(lib_a-memset.o)
                              /opt/st/stm32cubeide_1.11.2/plugins/com.st.stm32cube.ide.mcu.externaltools.gnu-tools-for-stm32.10.3-2021.10.linux64_1.0.100.202210260954/tools/bin/../lib/gcc/arm-none-eabi/10.3.1/../../../../arm-none-eabi/lib/thumb/v7-m/nofp/crt0.o (memset)

Discarded input sections

 .text          0x0000000000000000        0x0 /opt/st/stm32cubeide_1.11.2/plugins/com.st.stm32cube.ide.mcu.externaltools.gnu-tools-for-stm32.10.3-2021.10.linux64_1.0.100.202210260954/tools/bin/../lib/gcc/arm-none-eabi/10.3.1/thumb/v7-m/nofp/crti.o
 .data          0x0000000000000000        0x0 /opt/st/stm32cubeide_1.11.2/plugins/com.st.stm32cube.ide.mcu.externaltools.gnu-tools-for-stm32.10.3-2021.10.linux64_1.0.100.202210260954/tools/bin/../lib/gcc/arm-none-eabi/10.3.1/thumb/v7-m/nofp/crti.o
 .bss           0x0000000000000000        0x0 /opt/st/stm32cubeide_1.11.2/plugins/com.st.stm32cube.ide.mcu.externaltools.gnu-tools-for-stm32.10.3-2021.10.linux64_1.0.100.202210260954/tools/bin/../lib/gcc/arm-none-eabi/10.3.1/thumb/v7-m/nofp/crti.o
 .data          0x0000000000000000        0x4 /opt/st/stm32cubeide_1.11.2/plugins/com.st.stm32cube.ide.mcu.externaltools.gnu-tools-for-stm32.10.3-2021.10.linux64_1.0.100.202210260954/tools/bin/../lib/gcc/arm-none-eabi/10.3.1/thumb/v7-m/nofp/crtbegin.o
 .rodata        0x0000000000000000       0x24 /opt/st/stm32cubeide_1.11.2/plugins/com.st.stm32cube.ide.mcu.externaltools.gnu-tools-for-stm32.10.3-2021.10.linux64_1.0.100.202210260954/tools/bin/../lib/gcc/arm-none-eabi/10.3.1/thumb/v7-m/nofp/crtbegin.o
 .text          0x0000000000000000       0x7c /opt/st/stm32cubeide_1.11.2/plugins/com.st.stm32cube.ide.mcu.externaltools.gnu-tools-for-stm32.10.3-2021.10.linux64_1.0.100.202210260954/tools/bin/../lib/gcc/arm-none-eabi/10.3.1/../../../../arm-none-eabi/lib/thumb/v7-m/nofp/crt0.o
 .data          0x0000000000000000        0x0 /opt/st/stm32cubeide_1.11.2/plugins/com.st.stm32cube.ide.mcu.externaltools.gnu-tools-for-stm32.10.3-2021.10.linux64_1.0.100.202210260954/tools/bin/../lib/gcc/arm-none-eabi/10.3.1/../../../../arm-none-eabi/lib/thumb/v7-m/nofp/crt0.o
 .bss           0x0000000000000000        0x0 /opt/st/stm32cubeide_1.11.2/plugins/com.st.stm32cube.ide.mcu.externaltools.gnu-tools-for-stm32.10.3-2021.10.linux64_1.0.100.202210260954/tools/bin/../lib/gcc/arm-none-eabi/10.3.1/../../../../arm-none-eabi/lib/thumb/v7-m/nofp/crt0.o
[...]
Memory Configuration

Name             Origin             Length             Attributes
RAM              0x0000000020000000 0x0000000000005000 xrw
FLASH            0x0000000008000000 0x0000000000010000 xr
*default*        0x0000000000000000 0xffffffffffffffff

Linker script and memory map

LOAD /opt/st/stm32cubeide_1.11.2/plugins/com.st.stm32cube.ide.mcu.externaltools.gnu-tools-for-stm32.10.3-2021.10.linux64_1.0.100.202210260954/tools/bin/../lib/gcc/arm-none-eabi/10.3.1/thumb/v7-m/nofp/crti.o
LOAD /opt/st/stm32cubeide_1.11.2/plugins/com.st.stm32cube.ide.mcu.externaltools.gnu-tools-for-stm32.10.3-2021.10.linux64_1.0.100.202210260954/tools/bin/../lib/gcc/arm-none-eabi/10.3.1/thumb/v7-m/nofp/crtbegin.o
LOAD /opt/st/stm32cubeide_1.11.2/plugins/com.st.stm32cube.ide.mcu.externaltools.gnu-tools-for-stm32.10.3-2021.10.linux64_1.0.100.202210260954/tools/bin/../lib/gcc/arm-none-eabi/10.3.1/../../../../arm-none-eabi/lib/thumb/v7-m/nofp/crt0.o
LOAD ./Core/Src/main.o
LOAD ./Core/Src/stm32f1xx_hal_msp.o
LOAD ./Core/Src/stm32f1xx_it.o
LOAD ./Core/Src/syscalls.o
LOAD ./Core/Src/sysmem.o
LOAD ./Core/Src/system_stm32f1xx.o
LOAD ./Core/Src/wrapper.o
LOAD ./Core/Startup/startup_stm32f103c8tx.o
LOAD ./Drivers/STM32F1xx_HAL_Driver/Src/stm32f1xx_hal.o
LOAD ./Drivers/STM32F1xx_HAL_Driver/Src/stm32f1xx_hal_can.o
LOAD ./Drivers/STM32F1xx_HAL_Driver/Src/stm32f1xx_hal_cortex.o
LOAD ./Drivers/STM32F1xx_HAL_Driver/Src/stm32f1xx_hal_dma.o
LOAD ./Drivers/STM32F1xx_HAL_Driver/Src/stm32f1xx_hal_exti.o
LOAD ./Drivers/STM32F1xx_HAL_Driver/Src/stm32f1xx_hal_flash.o
LOAD ./Drivers/STM32F1xx_HAL_Driver/Src/stm32f1xx_hal_flash_ex.o
LOAD ./Drivers/STM32F1xx_HAL_Driver/Src/stm32f1xx_hal_gpio.o
LOAD ./Drivers/STM32F1xx_HAL_Driver/Src/stm32f1xx_hal_gpio_ex.o
LOAD ./Drivers/STM32F1xx_HAL_Driver/Src/stm32f1xx_hal_pwr.o
LOAD ./Drivers/STM32F1xx_HAL_Driver/Src/stm32f1xx_hal_rcc.o
LOAD ./Drivers/STM32F1xx_HAL_Driver/Src/stm32f1xx_hal_rcc_ex.o
LOAD ./Drivers/STM32F1xx_HAL_Driver/Src/stm32f1xx_hal_tim.o
LOAD ./Drivers/STM32F1xx_HAL_Driver/Src/stm32f1xx_hal_tim_ex.o
START GROUP
LOAD /opt/st/stm32cubeide_1.11.2/plugins/com.st.stm32cube.ide.mcu.externaltools.gnu-tools-for-stm32.10.3-2021.10.linux64_1.0.100.202210260954/tools/bin/../lib/gcc/arm-none-eabi/10.3.1/../../../../arm-none-eabi/lib/thumb/v7-m/nofp/libstdc++_nano.a
LOAD /opt/st/stm32cubeide_1.11.2/plugins/com.st.stm32cube.ide.mcu.externaltools.gnu-tools-for-stm32.10.3-2021.10.linux64_1.0.100.202210260954/tools/bin/../lib/gcc/arm-none-eabi/10.3.1/../../../../arm-none-eabi/lib/thumb/v7-m/nofp/libsupc++_nano.a
END GROUP
LOAD /opt/st/stm32cubeide_1.11.2/plugins/com.st.stm32cube.ide.mcu.externaltools.gnu-tools-for-stm32.10.3-2021.10.linux64_1.0.100.202210260954/tools/bin/../lib/gcc/arm-none-eabi/10.3.1/../../../../arm-none-eabi/lib/thumb/v7-m/nofp/libstdc++_nano.a
LOAD /opt/st/stm32cubeide_1.11.2/plugins/com.st.stm32cube.ide.mcu.externaltools.gnu-tools-for-stm32.10.3-2021.10.linux64_1.0.100.202210260954/tools/bin/../lib/gcc/arm-none-eabi/10.3.1/../../../../arm-none-eabi/lib/thumb/v7-m/nofp/libm.a
LOAD /opt/st/stm32cubeide_1.11.2/plugins/com.st.stm32cube.ide.mcu.externaltools.gnu-tools-for-stm32.10.3-2021.10.linux64_1.0.100.202210260954/tools/bin/../lib/gcc/arm-none-eabi/10.3.1/../../../../arm-none-eabi/lib/thumb/v7-m/nofp/libc_nano.a
START GROUP
LOAD /opt/st/stm32cubeide_1.11.2/plugins/com.st.stm32cube.ide.mcu.externaltools.gnu-tools-for-stm32.10.3-2021.10.linux64_1.0.100.202210260954/tools/bin/../lib/gcc/arm-none-eabi/10.3.1/thumb/v7-m/nofp/libgcc.a
LOAD /opt/st/stm32cubeide_1.11.2/plugins/com.st.stm32cube.ide.mcu.externaltools.gnu-tools-for-stm32.10.3-2021.10.linux64_1.0.100.202210260954/tools/bin/../lib/gcc/arm-none-eabi/10.3.1/../../../../arm-none-eabi/lib/thumb/v7-m/nofp/libc_nano.a
END GROUP
START GROUP
LOAD /opt/st/stm32cubeide_1.11.2/plugins/com.st.stm32cube.ide.mcu.externaltools.gnu-tools-for-stm32.10.3-2021.10.linux64_1.0.100.202210260954/tools/bin/../lib/gcc/arm-none-eabi/10.3.1/thumb/v7-m/nofp/libgcc.a
LOAD /opt/st/stm32cubeide_1.11.2/plugins/com.st.stm32cube.ide.mcu.externaltools.gnu-tools-for-stm32.10.3-2021.10.linux64_1.0.100.202210260954/tools/bin/../lib/gcc/arm-none-eabi/10.3.1/../../../../arm-none-eabi/lib/thumb/v7-m/nofp/libc_nano.a
LOAD /opt/st/stm32cubeide_1.11.2/plugins/com.st.stm32cube.ide.mcu.externaltools.gnu-tools-for-stm32.10.3-2021.10.linux64_1.0.100.202210260954/tools/bin/../lib/gcc/arm-none-eabi/10.3.1/../../../../arm-none-eabi/lib/thumb/v7-m/nofp/libnosys.a
END GROUP
START GROUP
LOAD /opt/st/stm32cubeide_1.11.2/plugins/com.st.stm32cube.ide.mcu.externaltools.gnu-tools-for-stm32.10.3-2021.10.linux64_1.0.100.202210260954/tools/bin/../lib/gcc/arm-none-eabi/10.3.1/thumb/v7-m/nofp/libgcc.a
LOAD /opt/st/stm32cubeide_1.11.2/plugins/com.st.stm32cube.ide.mcu.externaltools.gnu-tools-for-stm32.10.3-2021.10.linux64_1.0.100.202210260954/tools/bin/../lib/gcc/arm-none-eabi/10.3.1/../../../../arm-none-eabi/lib/thumb/v7-m/nofp/libc_nano.a
LOAD /opt/st/stm32cubeide_1.11.2/plugins/com.st.stm32cube.ide.mcu.externaltools.gnu-tools-for-stm32.10.3-2021.10.linux64_1.0.100.202210260954/tools/bin/../lib/gcc/arm-none-eabi/10.3.1/../../../../arm-none-eabi/lib/thumb/v7-m/nofp/libnosys.a
END GROUP
LOAD /opt/st/stm32cubeide_1.11.2/plugins/com.st.stm32cube.ide.mcu.externaltools.gnu-tools-for-stm32.10.3-2021.10.linux64_1.0.100.202210260954/tools/bin/../lib/gcc/arm-none-eabi/10.3.1/thumb/v7-m/nofp/crtend.o
LOAD /opt/st/stm32cubeide_1.11.2/plugins/com.st.stm32cube.ide.mcu.externaltools.gnu-tools-for-stm32.10.3-2021.10.linux64_1.0.100.202210260954/tools/bin/../lib/gcc/arm-none-eabi/10.3.1/thumb/v7-m/nofp/crtn.o
                0x0000000020005000                _estack = (ORIGIN (RAM) + LENGTH (RAM))
                0x0000000000000200                _Min_Heap_Size = 0x200
                0x0000000000000400                _Min_Stack_Size = 0x400

.isr_vector     0x0000000008000000      0x10c
                0x0000000008000000                . = ALIGN (0x4)
 *(.isr_vector)
 .isr_vector    0x0000000008000000      0x10c ./Core/Startup/startup_stm32f103c8tx.o
                0x0000000008000000                g_pfnVectors
                0x000000000800010c                . = ALIGN (0x4)

.text           0x000000000800010c     0x3a0c
                0x000000000800010c                . = ALIGN (0x4)
 *(.text)
 .text          0x000000000800010c       0x40 /opt/st/stm32cubeide_1.11.2/plugins/com.st.stm32cube.ide.mcu.externaltools.gnu-tools-for-stm32.10.3-2021.10.linux64_1.0.100.202210260954/tools/bin/../lib/gcc/arm-none-eabi/10.3.1/thumb/v7-m/nofp/crtbegin.o
 *(.text*)
 .text.main     0x000000000800014c       0x28 ./Core/Src/main.o
                0x000000000800014c                main
 .text.SystemClock_Config
                0x0000000008000174       0x8a ./Core/Src/main.o
                0x0000000008000174                SystemClock_Config
 *fill*         0x00000000080001fe        0x2 
 .text.MX_CAN_Init
                0x0000000008000200       0x68 ./Core/Src/main.o
 .text.MX_TIM1_Init
                0x0000000008000268      0x188 ./Core/Src/main.o
 .text.MX_GPIO_Init
                0x00000000080003f0       0x5c ./Core/Src/main.o
 .text.Error_Handler
                0x000000000800044c       0x14 ./Core/Src/main.o
                0x000000000800044c                Error_Handler
 .text.HAL_MspInit
                0x0000000008000460       0x64 ./Core/Src/stm32f1xx_hal_msp.o
                0x0000000008000460                HAL_MspInit
 .text.HAL_CAN_MspInit
                0x00000000080004c4       0xc0 ./Core/Src/stm32f1xx_hal_msp.o
                0x00000000080004c4                HAL_CAN_MspInit
 .text.HAL_CAN_MspDeInit
                0x0000000008000584       0x3c ./Core/Src/stm32f1xx_hal_msp.o
                0x0000000008000584                HAL_CAN_MspDeInit
 .text.HAL_TIM_Base_MspInit
                0x00000000080005c0       0x3c ./Core/Src/stm32f1xx_hal_msp.o
                0x00000000080005c0                HAL_TIM_Base_MspInit
 .text.HAL_TIM_MspPostInit
                0x00000000080005fc       0x68 ./Core/Src/stm32f1xx_hal_msp.o
                0x00000000080005fc                HAL_TIM_MspPostInit
 .text.NMI_Handler
                0x0000000008000664        0x6 ./Core/Src/stm32f1xx_it.o
                0x0000000008000664                NMI_Handler
 .text.HardFault_Handler
                0x000000000800066a        0x6 ./Core/Src/stm32f1xx_it.o
                0x000000000800066a                HardFault_Handler
 .text.MemManage_Handler
                0x0000000008000670        0x6 ./Core/Src/stm32f1xx_it.o
                0x0000000008000670                MemManage_Handler
 .text.BusFault_Handler
                0x0000000008000676        0x6 ./Core/Src/stm32f1xx_it.o
                0x0000000008000676                BusFault_Handler
 .text.UsageFault_Handler
                0x000000000800067c        0x6 ./Core/Src/stm32f1xx_it.o
                0x000000000800067c                UsageFault_Handler
 .text.SVC_Handler
                0x0000000008000682        0xc ./Core/Src/stm32f1xx_it.o
                0x0000000008000682                SVC_Handler
 .text.DebugMon_Handler
                0x000000000800068e        0xc ./Core/Src/stm32f1xx_it.o
                0x000000000800068e                DebugMon_Handler
 .text.PendSV_Handler
                0x000000000800069a        0xc ./Core/Src/stm32f1xx_it.o
                0x000000000800069a                PendSV_Handler
 .text.SysTick_Handler
                0x00000000080006a6        0xc ./Core/Src/stm32f1xx_it.o
                0x00000000080006a6                SysTick_Handler
 .text.SystemInit
                0x00000000080006b2        0xc ./Core/Src/system_stm32f1xx.o
                0x00000000080006b2                SystemInit
 .text._ZSt13move_backwardIPhS0_ET0_T_S2_S1_.isra.0
                0x00000000080006be       0x10 ./Core/Src/wrapper.o
 .text._ZN6CRSLib3Can6RM000813FilterManager9Implement16FilterManagerImp19convert_to_priorityILNS0_11FilterWidthE0ELNS0_10FilterModeE1EEEhhhRKNS2_15ConfigFilterArgIXT_EXT0_EEE.isra.0
                0x00000000080006ce       0x16 ./Core/Src/wrapper.o
 .text._ZN6CRSLib3Can6RM00089Implement19crslib_default_hcanEP11CAN_TypeDefNS1_7BitrateE
                0x00000000080006e4       0x3e ./Core/Src/wrapper.o
                0x00000000080006e4                CRSLib::Can::RM0008::Implement::crslib_default_hcan(CAN_TypeDef*, CRSLib::Can::RM0008::Bitrate)
 .text._ZSt16__insertion_sortIPhN9__gnu_cxx5__ops15_Iter_comp_iterIZNSt6ranges8__detail16__make_comp_projINS4_4lessESt8identityEEDaRT_RT0_EUlOS9_OSB_E_EEEvS9_S9_SB_
                0x0000000008000722       0x46 ./Core/Src/wrapper.o
                0x0000000008000722                void std::__insertion_sort<unsigned char*, __gnu_cxx::__ops::_Iter_comp_iter<std::ranges::__detail::__make_comp_proj<std::ranges::less, std::identity>(std::ranges::less&, std::identity&)::{lambda(auto:1&&, auto:2&&)#1}> >(unsigned char*, unsigned char*, __gnu_cxx::__ops::_Iter_comp_iter<std::ranges::__detail::__make_comp_proj<std::ranges::less, std::identity>(std::ranges::less&, std::identity&)::{lambda(auto:1&&, auto:2&&)#1}>)
 .text._ZSt16__insertion_sortIPhN9__gnu_cxx5__ops15_Iter_comp_iterIZNSt6ranges8__detail16__make_comp_projINS4_4lessEZN6CRSLib3Can6RM000813FilterManager9Implement16FilterManagerImp22set_filter_match_indexIJLNS9_11FilterWidthE0ELSF_0ELSF_0ELSF_0ELSF_0ELSF_0ELSF_0ELSF_0ELSF_0ELSF_0ELSF_0ELSF_0ELSF_0ELSF_0EEJLNS9_10FilterModeE1ELSG_1ELSG_1ELSG_1ELSG_1ELSG_1ELSG_1ELSG_1ELSG_1ELSG_1ELSG_1ELSG_1ELSG_1ELSG_1EEEEvhDpRNSB_15ConfigFilterArgIXT_EXT0_EEEEUlT_E0_EEDaRSL_RT0_EUlOSL_OSO_E_EEEvSL_SL_SO_
                0x0000000008000768       0x52 ./Core/Src/wrapper.o
                0x0000000008000768                void std::__insertion_sort<unsigned char*, __gnu_cxx::__ops::_Iter_comp_iter<std::ranges::__detail::__make_comp_proj<std::ranges::less, CRSLib::Can::RM0008::FilterManager::Implement::FilterManagerImp::set_filter_match_index<(CRSLib::Can::FilterWidth)0, (CRSLib::Can::FilterWidth)0, (CRSLib::Can::FilterWidth)0, (CRSLib::Can::FilterWidth)0, (CRSLib::Can::FilterWidth)0, (CRSLib::Can::FilterWidth)0, (CRSLib::Can::FilterWidth)0, (CRSLib::Can::FilterWidth)0, (CRSLib::Can::FilterWidth)0, (CRSLib::Can::FilterWidth)0, (CRSLib::Can::FilterWidth)0, (CRSLib::Can::FilterWidth)0, (CRSLib::Can::FilterWidth)0, (CRSLib::Can::FilterWidth)0, (CRSLib::Can::FilterMode)1, (CRSLib::Can::FilterMode)1, (CRSLib::Can::FilterMode)1, (CRSLib::Can::FilterMode)1, (CRSLib::Can::FilterMode)1, (CRSLib::Can::FilterMode)1, (CRSLib::Can::FilterMode)1, (CRSLib::Can::FilterMode)1, (CRSLib::Can::FilterMode)1, (CRSLib::Can::FilterMode)1, (CRSLib::Can::FilterMode)1, (CRSLib::Can::FilterMode)1, (CRSLib::Can::FilterMode)1, (CRSLib::Can::FilterMode)1>(unsigned char, CRSLib::Can::RM0008::FilterManager::ConfigFilterArg<(CRSLib::Can::FilterWidth)0, (CRSLib::Can::FilterMode)1>&, CRSLib::Can::RM0008::FilterManager::ConfigFilterArg<(CRSLib::Can::FilterWidth)0, (CRSLib::Can::FilterMode)1>&, CRSLib::Can::RM0008::FilterManager::ConfigFilterArg<(CRSLib::Can::FilterWidth)0, (CRSLib::Can::FilterMode)1>&, CRSLib::Can::RM0008::FilterManager::ConfigFilterArg<(CRSLib::Can::FilterWidth)0, (CRSLib::Can::FilterMode)1>&, CRSLib::Can::RM0008::FilterManager::ConfigFilterArg<(CRSLib::Can::FilterWidth)0, (CRSLib::Can::FilterMode)1>&, CRSLib::Can::RM0008::FilterManager::ConfigFilterArg<(CRSLib::Can::FilterWidth)0, (CRSLib::Can::FilterMode)1>&, CRSLib::Can::RM0008::FilterManager::ConfigFilterArg<(CRSLib::Can::FilterWidth)0, (CRSLib::Can::FilterMode)1>&, CRSLib::Can::RM0008::FilterManager::ConfigFilterArg<(CRSLib::Can::FilterWidth)0, (CRSLib::Can::FilterMode)1>&, CRSLib::Can::RM0008::FilterManager::ConfigFilterArg<(CRSLib::Can::FilterWidth)0, (CRSLib::Can::FilterMode)1>&, CRSLib::Can::RM0008::FilterManager::ConfigFilterArg<(CRSLib::Can::FilterWidth)0, (CRSLib::Can::FilterMode)1>&, CRSLib::Can::RM0008::FilterManager::ConfigFilterArg<(CRSLib::Can::FilterWidth)0, (CRSLib::Can::FilterMode)1>&, CRSLib::Can::RM0008::FilterManager::ConfigFilterArg<(CRSLib::Can::FilterWidth)0, (CRSLib::Can::FilterMode)1>&, CRSLib::Can::RM0008::FilterManager::ConfigFilterArg<(CRSLib::Can::FilterWidth)0, (CRSLib::Can::FilterMode)1>&, CRSLib::Can::RM0008::FilterManager::ConfigFilterArg<(CRSLib::Can::FilterWidth)0, (CRSLib::Can::FilterMode)1>&)::{lambda(auto:1)#2}>(std::ranges::less&, CRSLib::Can::RM0008::FilterManager::Implement::FilterManagerImp::set_filter_match_index<(CRSLib::Can::FilterWidth)0, (CRSLib::Can::FilterWidth)0, (CRSLib::Can::FilterWidth)0, (CRSLib::Can::FilterWidth)0, (CRSLib::Can::FilterWidth)0, (CRSLib::Can::FilterWidth)0, (CRSLib::Can::FilterWidth)0, (CRSLib::Can::FilterWidth)0, (CRSLib::Can::FilterWidth)0, (CRSLib::Can::FilterWidth)0, (CRSLib::Can::FilterWidth)0, (CRSLib::Can::FilterWidth)0, (CRSLib::Can::FilterWidth)0, (CRSLib::Can::FilterWidth)0, (CRSLib::Can::FilterMode)1, (CRSLib::Can::FilterMode)1, (CRSLib::Can::FilterMode)1, (CRSLib::Can::FilterMode)1, (CRSLib::Can::FilterMode)1, (CRSLib::Can::FilterMode)1, (CRSLib::Can::FilterMode)1, (CRSLib::Can::FilterMode)1, (CRSLib::Can::FilterMode)1, (CRSLib::Can::FilterMode)1, (CRSLib::Can::FilterMode)1, (CRSLib::Can::FilterMode)1, (CRSLib::Can::FilterMode)1, (CRSLib::Can::FilterMode)1>(unsigned char, CRSLib::Can::RM0008::FilterManager::ConfigFilterArg<(CRSLib::Can::FilterWidth)0, (CRSLib::Can::FilterMode)1>&, CRSLib::Can::RM0008::FilterManager::ConfigFilterArg<(CRSLib::Can::FilterWidth)0, (CRSLib::Can::FilterMode)1>&, CRSLib::Can::RM0008::FilterManager::ConfigFilterArg<(CRSLib::Can::FilterWidth)0, (CRSLib::Can::FilterMode)1>&, CRSLib::Can::RM0008::FilterManager::ConfigFilterArg<(CRSLib::Can::FilterWidth)0, (CRSLib::Can::FilterMode)1>&, CRSLib::Can::RM0008::FilterManager::ConfigFilterArg<(CRSLib::Can::FilterWidth)0, (CRSLib::Can::FilterMode)1>&, CRSLib::Can::RM0008::FilterManager::ConfigFilterArg<(CRSLib::Can::FilterWidth)0, (CRSLib::Can::FilterMode)1>&, CRSLib::Can::RM0008::FilterManager::ConfigFilterArg<(CRSLib::Can::FilterWidth)0, (CRSLib::Can::FilterMode)1>&, CRSLib::Can::RM0008::FilterManager::ConfigFilterArg<(CRSLib::Can::FilterWidth)0, (CRSLib::Can::FilterMode)1>&, CRSLib::Can::RM0008::FilterManager::ConfigFilterArg<(CRSLib::Can::FilterWidth)0, (CRSLib::Can::FilterMode)1>&, CRSLib::Can::RM0008::FilterManager::ConfigFilterArg<(CRSLib::Can::FilterWidth)0, (CRSLib::Can::FilterMode)1>&, CRSLib::Can::RM0008::FilterManager::ConfigFilterArg<(CRSLib::Can::FilterWidth)0, (CRSLib::Can::FilterMode)1>&, CRSLib::Can::RM0008::FilterManager::ConfigFilterArg<(CRSLib::Can::FilterWidth)0, (CRSLib::Can::FilterMode)1>&, CRSLib::Can::RM0008::FilterManager::ConfigFilterArg<(CRSLib::Can::FilterWidth)0, (CRSLib::Can::FilterMode)1>&, CRSLib::Can::RM0008::FilterManager::ConfigFilterArg<(CRSLib::Can::FilterWidth)0, (CRSLib::Can::FilterMode)1>&)::{lambda(auto:1)#2}&)::{lambda(auto:1&&, auto:2&&)#1}> >(unsigned char*, unsigned char*, __gnu_cxx::__ops::_Iter_comp_iter<std::ranges::__detail::__make_comp_proj<std::ranges::less, CRSLib::Can::RM0008::FilterManager::Implement::FilterManagerImp::set_filter_match_index<(CRSLib::Can::FilterWidth)0, (CRSLib::Can::FilterWidth)0, (CRSLib::Can::FilterWidth)0, (CRSLib::Can::FilterWidth)0, (CRSLib::Can::FilterWidth)0, (CRSLib::Can::FilterWidth)0, (CRSLib::Can::FilterWidth)0, (CRSLib::Can::FilterWidth)0, (CRSLib::Can::FilterWidth)0, (CRSLib::Can::FilterWidth)0, (CRSLib::Can::FilterWidth)0, (CRSLib::Can::FilterWidth)0, (CRSLib::Can::FilterWidth)0, (CRSLib::Can::FilterWidth)0, (CRSLib::Can::FilterMode)1, (CRSLib::Can::FilterMode)1, (CRSLib::Can::FilterMode)1, (CRSLib::Can::FilterMode)1, (CRSLib::Can::FilterMode)1, (CRSLib::Can::FilterMode)1, (CRSLib::Can::FilterMode)1, (CRSLib::Can::FilterMode)1, (CRSLib::Can::FilterMode)1, (CRSLib::Can::FilterMode)1, (CRSLib::Can::FilterMode)1, (CRSLib::Can::FilterMode)1, (CRSLib::Can::FilterMode)1, (CRSLib::Can::FilterMode)1>(unsigned char, CRSLib::Can::RM0008::FilterManager::ConfigFilterArg<(CRSLib::Can::FilterWidth)0, (CRSLib::Can::FilterMode)1>&, CRSLib::Can::RM0008::FilterManager::ConfigFilterArg<(CRSLib::Can::FilterWidth)0, (CRSLib::Can::FilterMode)1>&, CRSLib::Can::RM0008::FilterManager::ConfigFilterArg<(CRSLib::Can::FilterWidth)0, (CRSLib::Can::FilterMode)1>&, CRSLib::Can::RM0008::FilterManager::ConfigFilterArg<(CRSLib::Can::FilterWidth)0, (CRSLib::Can::FilterMode)1>&, CRSLib::Can::RM0008::FilterManager::ConfigFilterArg<(CRSLib::Can::FilterWidth)0, (CRSLib::Can::FilterMode)1>&, CRSLib::Can::RM0008::FilterManager::ConfigFilterArg<(CRSLib::Can::FilterWidth)0, (CRSLib::Can::FilterMode)1>&, CRSLib::Can::RM0008::FilterManager::ConfigFilterArg<(CRSLib::Can::FilterWidth)0, (CRSLib::Can::FilterMode)1>&, CRSLib::Can::RM0008::FilterManager::ConfigFilterArg<(CRSLib::Can::FilterWidth)0, (CRSLib::Can::FilterMode)1>&, CRSLib::Can::RM0008::FilterManager::ConfigFilterArg<(CRSLib::Can::FilterWidth)0, (CRSLib::Can::FilterMode)1>&, CRSLib::Can::RM0008::FilterManager::ConfigFilterArg<(CRSLib::Can::FilterWidth)0, (CRSLib::Can::FilterMode)1>&, CRSLib::Can::RM0008::FilterManager::ConfigFilterArg<(CRSLib::Can::FilterWidth)0, (CRSLib::Can::FilterMode)1>&, CRSLib::Can::RM0008::FilterManager::ConfigFilterArg<(CRSLib::Can::FilterWidth)0, (CRSLib::Can::FilterMode)1>&, CRSLib::Can::RM0008::FilterManager::ConfigFilterArg<(CRSLib::Can::FilterWidth)0, (CRSLib::Can::FilterMode)1>&, CRSLib::Can::RM0008::FilterManager::ConfigFilterArg<(CRSLib::Can::FilterWidth)0, (CRSLib::Can::FilterMode)1>&)::{lambda(auto:1)#2}>(std::ranges::less&, CRSLib::Can::RM0008::FilterManager::Implement::FilterManagerImp::set_filter_match_index<(CRSLib::Can::FilterWidth)0, (CRSLib::Can::FilterWidth)0, (CRSLib::Can::FilterWidth)0, (CRSLib::Can::FilterWidth)0, (CRSLib::Can::FilterWidth)0, (CRSLib::Can::FilterWidth)0, (CRSLib::Can::FilterWidth)0, (CRSLib::Can::FilterWidth)0, (CRSLib::Can::FilterWidth)0, (CRSLib::Can::FilterWidth)0, (CRSLib::Can::FilterWidth)0, (CRSLib::Can::FilterWidth)0, (CRSLib::Can::FilterWidth)0, (CRSLib::Can::FilterWidth)0, (CRSLib::Can::FilterMode)1, (CRSLib::Can::FilterMode)1, (CRSLib::Can::FilterMode)1, (CRSLib::Can::FilterMode)1, (CRSLib::Can::FilterMode)1, (CRSLib::Can::FilterMode)1, (CRSLib::Can::FilterMode)1, (CRSLib::Can::FilterMode)1, (CRSLib::Can::FilterMode)1, (CRSLib::Can::FilterMode)1, (CRSLib::Can::FilterMode)1, (CRSLib::Can::FilterMode)1, (CRSLib::Can::FilterMode)1, (CRSLib::Can::FilterMode)1>(unsigned char, CRSLib::Can::RM0008::FilterManager::ConfigFilterArg<(CRSLib::Can::FilterWidth)0, (CRSLib::Can::FilterMode)1>&, CRSLib::Can::RM0008::FilterManager::ConfigFilterArg<(CRSLib::Can::FilterWidth)0, (CRSLib::Can::FilterMode)1>&, CRSLib::Can::RM0008::FilterManager::ConfigFilterArg<(CRSLib::Can::FilterWidth)0, (CRSLib::Can::FilterMode)1>&, CRSLib::Can::RM0008::FilterManager::ConfigFilterArg<(CRSLib::Can::FilterWidth)0, (CRSLib::Can::FilterMode)1>&, CRSLib::Can::RM0008::FilterManager::ConfigFilterArg<(CRSLib::Can::FilterWidth)0, (CRSLib::Can::FilterMode)1>&, CRSLib::Can::RM0008::FilterManager::ConfigFilterArg<(CRSLib::Can::FilterWidth)0, (CRSLib::Can::FilterMode)1>&, CRSLib::Can::RM0008::FilterManager::ConfigFilterArg<(CRSLib::Can::FilterWidth)0, (CRSLib::Can::FilterMode)1>&, CRSLib::Can::RM0008::FilterManager::ConfigFilterArg<(CRSLib::Can::FilterWidth)0, (CRSLib::Can::FilterMode)1>&, CRSLib::Can::RM0008::FilterManager::ConfigFilterArg<(CRSLib::Can::FilterWidth)0, (CRSLib::Can::FilterMode)1>&, CRSLib::Can::RM0008::FilterManager::ConfigFilterArg<(CRSLib::Can::FilterWidth)0, (CRSLib::Can::FilterMode)1>&, CRSLib::Can::RM0008::FilterManager::ConfigFilterArg<(CRSLib::Can::FilterWidth)0, (CRSLib::Can::FilterMode)1>&, CRSLib::Can::RM0008::FilterManager::ConfigFilterArg<(CRSLib::Can::FilterWidth)0, (CRSLib::Can::FilterMode)1>&, CRSLib::Can::RM0008::FilterManager::ConfigFilterArg<(CRSLib::Can::FilterWidth)0, (CRSLib::Can::FilterMode)1>&, CRSLib::Can::RM0008::FilterManager::ConfigFilterArg<(CRSLib::Can::FilterWidth)0, (CRSLib::Can::FilterMode)1>&)::{lambda(auto:1)#2}&)::{lambda(auto:1&&, auto:2&&)#1}>)
 .text._ZSt16__insertion_sortIPhN9__gnu_cxx5__ops15_Iter_comp_iterIZNSt6ranges8__detail16__make_comp_projINS4_4lessEZN6CRSLib3Can6RM000813FilterManager9Implement16FilterManagerImp22set_filter_match_indexIJLNS9_11FilterWidthE0ELSF_0EEJLNS9_10FilterModeE0ELSG_0EEEEvhDpRNSB_15ConfigFilterArgIXT_EXT0_EEEEUlT_E0_EEDaRSL_RT0_EUlOSL_OSO_E_EEEvSL_SL_SO_
                0x00000000080007ba       0x52 ./Core/Src/wrapper.o
                0x00000000080007ba                void std::__insertion_sort<unsigned char*, __gnu_cxx::__ops::_Iter_comp_iter<std::ranges::__detail::__make_comp_proj<std::ranges::less, CRSLib::Can::RM0008::FilterManager::Implement::FilterManagerImp::set_filter_match_index<(CRSLib::Can::FilterWidth)0, (CRSLib::Can::FilterWidth)0, (CRSLib::Can::FilterMode)0, (CRSLib::Can::FilterMode)0>(unsigned char, CRSLib::Can::RM0008::FilterManager::ConfigFilterArg<(CRSLib::Can::FilterWidth)0, (CRSLib::Can::FilterMode)0>&, CRSLib::Can::RM0008::FilterManager::ConfigFilterArg<(CRSLib::Can::FilterWidth)0, (CRSLib::Can::FilterMode)0>&)::{lambda(auto:1)#2}>(std::ranges::less&, CRSLib::Can::RM0008::FilterManager::Implement::FilterManagerImp::set_filter_match_index<(CRSLib::Can::FilterWidth)0, (CRSLib::Can::FilterWidth)0, (CRSLib::Can::FilterMode)0, (CRSLib::Can::FilterMode)0>(unsigned char, CRSLib::Can::RM0008::FilterManager::ConfigFilterArg<(CRSLib::Can::FilterWidth)0, (CRSLib::Can::FilterMode)0>&, CRSLib::Can::RM0008::FilterManager::ConfigFilterArg<(CRSLib::Can::FilterWidth)0, (CRSLib::Can::FilterMode)0>&)::{lambda(auto:1)#2}&)::{lambda(auto:1&&, auto:2&&)#1}> >(unsigned char*, unsigned char*, __gnu_cxx::__ops::_Iter_comp_iter<std::ranges::__detail::__make_comp_proj<std::ranges::less, CRSLib::Can::RM0008::FilterManager::Implement::FilterManagerImp::set_filter_match_index<(CRSLib::Can::FilterWidth)0, (CRSLib::Can::FilterWidth)0, (CRSLib::Can::FilterMode)0, (CRSLib::Can::FilterMode)0>(unsigned char, CRSLib::Can::RM0008::FilterManager::ConfigFilterArg<(CRSLib::Can::FilterWidth)0, (CRSLib::Can::FilterMode)0>&, CRSLib::Can::RM0008::FilterManager::ConfigFilterArg<(CRSLib::Can::FilterWidth)0, (CRSLib::Can::FilterMode)0>&)::{lambda(auto:1)#2}>(std::ranges::less&, CRSLib::Can::RM0008::FilterManager::Implement::FilterManagerImp::set_filter_match_index<(CRSLib::Can::FilterWidth)0, (CRSLib::Can::FilterWidth)0, (CRSLib::Can::FilterMode)0, (CRSLib::Can::FilterMode)0>(unsigned char, CRSLib::Can::RM0008::FilterManager::ConfigFilterArg<(CRSLib::Can::FilterWidth)0, (CRSLib::Can::FilterMode)0>&, CRSLib::Can::RM0008::FilterManager::ConfigFilterArg<(CRSLib::Can::FilterWidth)0, (CRSLib::Can::FilterMode)0>&)::{lambda(auto:1)#2}&)::{lambda(auto:1&&, auto:2&&)#1}>)
 .text._ZSt13__adjust_heapIPhihN9__gnu_cxx5__ops15_Iter_comp_iterIZNSt6ranges8__detail16__make_comp_projINS4_4lessESt8identityEEDaRT_RT0_EUlOS9_OSB_E_EEEvS9_SB_SB_T1_T2_
                0x000000000800080c       0x78 ./Core/Src/wrapper.o
                0x000000000800080c                void std::__adjust_heap<unsigned char*, int, unsigned char, __gnu_cxx::__ops::_Iter_comp_iter<std::ranges::__detail::__make_comp_proj<std::ranges::less, std::identity>(std::ranges::less&, std::identity&)::{lambda(auto:1&&, auto:2&&)#1}> >(unsigned char*, int, int, unsigned char, __gnu_cxx::__ops::_Iter_comp_iter<std::ranges::__detail::__make_comp_proj<std::ranges::less, std::identity>(std::ranges::less&, std::identity&)::{lambda(auto:1&&, auto:2&&)#1}>)
 .text._ZSt16__introsort_loopIPhiN9__gnu_cxx5__ops15_Iter_comp_iterIZNSt6ranges8__detail16__make_comp_projINS4_4lessESt8identityEEDaRT_RT0_EUlOS9_OSB_E_EEEvS9_S9_SB_T1_
                0x0000000008000884       0xee ./Core/Src/wrapper.o
                0x0000000008000884                void std::__introsort_loop<unsigned char*, int, __gnu_cxx::__ops::_Iter_comp_iter<std::ranges::__detail::__make_comp_proj<std::ranges::less, std::identity>(std::ranges::less&, std::identity&)::{lambda(auto:1&&, auto:2&&)#1}> >(unsigned char*, unsigned char*, int, __gnu_cxx::__ops::_Iter_comp_iter<std::ranges::__detail::__make_comp_proj<std::ranges::less, std::identity>(std::ranges::less&, std::identity&)::{lambda(auto:1&&, auto:2&&)#1}>)
 .text._ZSt6__sortIPhN9__gnu_cxx5__ops15_Iter_comp_iterIZNSt6ranges8__detail16__make_comp_projINS4_4lessESt8identityEEDaRT_RT0_EUlOS9_OSB_E_EEEvS9_S9_SB_
                0x0000000008000972       0x6c ./Core/Src/wrapper.o
                0x0000000008000972                void std::__sort<unsigned char*, __gnu_cxx::__ops::_Iter_comp_iter<std::ranges::__detail::__make_comp_proj<std::ranges::less, std::identity>(std::ranges::less&, std::identity&)::{lambda(auto:1&&, auto:2&&)#1}> >(unsigned char*, unsigned char*, __gnu_cxx::__ops::_Iter_comp_iter<std::ranges::__detail::__make_comp_proj<std::ranges::less, std::identity>(std::ranges::less&, std::identity&)::{lambda(auto:1&&, auto:2&&)#1}>)
 .text._ZSt13__adjust_heapIPhihN9__gnu_cxx5__ops15_Iter_comp_iterIZNSt6ranges8__detail16__make_comp_projINS4_4lessEZN6CRSLib3Can6RM000813FilterManager9Implement16FilterManagerImp22set_filter_match_indexIJLNS9_11FilterWidthE0ELSF_0ELSF_0ELSF_0ELSF_0ELSF_0ELSF_0ELSF_0ELSF_0ELSF_0ELSF_0ELSF_0ELSF_0ELSF_0EEJLNS9_10FilterModeE1ELSG_1ELSG_1ELSG_1ELSG_1ELSG_1ELSG_1ELSG_1ELSG_1ELSG_1ELSG_1ELSG_1ELSG_1ELSG_1EEEEvhDpRNSB_15ConfigFilterArgIXT_EXT0_EEEEUlT_E0_EEDaRSL_RT0_EUlOSL_OSO_E_EEEvSL_SO_SO_T1_T2_
                0x00000000080009de       0x88 ./Core/Src/wrapper.o
                0x00000000080009de                void std::__adjust_heap<unsigned char*, int, unsigned char, __gnu_cxx::__ops::_Iter_comp_iter<std::ranges::__detail::__make_comp_proj<std::ranges::less, CRSLib::Can::RM0008::FilterManager::Implement::FilterManagerImp::set_filter_match_index<(CRSLib::Can::FilterWidth)0, (CRSLib::Can::FilterWidth)0, (CRSLib::Can::FilterWidth)0, (CRSLib::Can::FilterWidth)0, (CRSLib::Can::FilterWidth)0, (CRSLib::Can::FilterWidth)0, (CRSLib::Can::FilterWidth)0, (CRSLib::Can::FilterWidth)0, (CRSLib::Can::FilterWidth)0, (CRSLib::Can::FilterWidth)0, (CRSLib::Can::FilterWidth)0, (CRSLib::Can::FilterWidth)0, (CRSLib::Can::FilterWidth)0, (CRSLib::Can::FilterWidth)0, (CRSLib::Can::FilterMode)1, (CRSLib::Can::FilterMode)1, (CRSLib::Can::FilterMode)1, (CRSLib::Can::FilterMode)1, (CRSLib::Can::FilterMode)1, (CRSLib::Can::FilterMode)1, (CRSLib::Can::FilterMode)1, (CRSLib::Can::FilterMode)1, (CRSLib::Can::FilterMode)1, (CRSLib::Can::FilterMode)1, (CRSLib::Can::FilterMode)1, (CRSLib::Can::FilterMode)1, (CRSLib::Can::FilterMode)1, (CRSLib::Can::FilterMode)1>(unsigned char, CRSLib::Can::RM0008::FilterManager::ConfigFilterArg<(CRSLib::Can::FilterWidth)0, (CRSLib::Can::FilterMode)1>&, CRSLib::Can::RM0008::FilterManager::ConfigFilterArg<(CRSLib::Can::FilterWidth)0, (CRSLib::Can::FilterMode)1>&, CRSLib::Can::RM0008::FilterManager::ConfigFilterArg<(CRSLib::Can::FilterWidth)0, (CRSLib::Can::FilterMode)1>&, CRSLib::Can::RM0008::FilterManager::ConfigFilterArg<(CRSLib::Can::FilterWidth)0, (CRSLib::Can::FilterMode)1>&, CRSLib::Can::RM0008::FilterManager::ConfigFilterArg<(CRSLib::Can::FilterWidth)0, (CRSLib::Can::FilterMode)1>&, CRSLib::Can::RM0008::FilterManager::ConfigFilterArg<(CRSLib::Can::FilterWidth)0, (CRSLib::Can::FilterMode)1>&, CRSLib::Can::RM0008::FilterManager::ConfigFilterArg<(CRSLib::Can::FilterWidth)0, (CRSLib::Can::FilterMode)1>&, CRSLib::Can::RM0008::FilterManager::ConfigFilterArg<(CRSLib::Can::FilterWidth)0, (CRSLib::Can::FilterMode)1>&, CRSLib::Can::RM0008::FilterManager::ConfigFilterArg<(CRSLib::Can::FilterWidth)0, (CRSLib::Can::FilterMode)1>&, CRSLib::Can::RM0008::FilterManager::ConfigFilterArg<(CRSLib::Can::FilterWidth)0, (CRSLib::Can::FilterMode)1>&, CRSLib::Can::RM0008::FilterManager::ConfigFilterArg<(CRSLib::Can::FilterWidth)0, (CRSLib::Can::FilterMode)1>&, CRSLib::Can::RM0008::FilterManager::ConfigFilterArg<(CRSLib::Can::FilterWidth)0, (CRSLib::Can::FilterMode)1>&, CRSLib::Can::RM0008::FilterManager::ConfigFilterArg<(CRSLib::Can::FilterWidth)0, (CRSLib::Can::FilterMode)1>&, CRSLib::Can::RM0008::FilterManager::ConfigFilterArg<(CRSLib::Can::FilterWidth)0, (CRSLib::Can::FilterMode)1>&)::{lambda(auto:1)#2}>(std::ranges::less&, CRSLib::Can::RM0008::FilterManager::Implement::FilterManagerImp::set_filter_match_index<(CRSLib::Can::FilterWidth)0, (CRSLib::Can::FilterWidth)0, (CRSLib::Can::FilterWidth)0, (CRSLib::Can::FilterWidth)0, (CRSLib::Can::FilterWidth)0, (CRSLib::Can::FilterWidth)0, (CRSLib::Can::FilterWidth)0, (CRSLib::Can::FilterWidth)0, (CRSLib::Can::FilterWidth)0, (CRSLib::Can::FilterWidth)0, (CRSLib::Can::FilterWidth)0, (CRSLib::Can::FilterWidth)0, (CRSLib::Can::FilterWidth)0, (CRSLib::Can::FilterWidth)0, (CRSLib::Can::FilterMode)1, (CRSLib::Can::FilterMode)1, (CRSLib::Can::FilterMode)1, (CRSLib::Can::FilterMode)1, (CRSLib::Can::FilterMode)1, (CRSLib::Can::FilterMode)1, (CRSLib::Can::FilterMode)1, (CRSLib::Can::FilterMode)1, (CRSLib::Can::FilterMode)1, (CRSLib::Can::FilterMode)1, (CRSLib::Can::FilterMode)1, (CRSLib::Can::FilterMode)1, (CRSLib::Can::FilterMode)1, (CRSLib::Can::FilterMode)1>(unsigned char, CRSLib::Can::RM0008::FilterManager::ConfigFilterArg<(CRSLib::Can::FilterWidth)0, (CRSLib::Can::FilterMode)1>&, CRSLib::Can::RM0008::FilterManager::ConfigFilterArg<(CRSLib::Can::FilterWidth)0, (CRSLib::Can::FilterMode)1>&, CRSLib::Can::RM0008::FilterManager::ConfigFilterArg<(CRSLib::Can::FilterWidth)0, (CRSLib::Can::FilterMode)1>&, CRSLib::Can::RM0008::FilterManager::ConfigFilterArg<(CRSLib::Can::FilterWidth)0, (CRSLib::Can::FilterMode)1>&, CRSLib::Can::RM0008::FilterManager::ConfigFilterArg<(CRSLib::Can::FilterWidth)0, (CRSLib::Can::FilterMode)1>&, CRSLib::Can::RM0008::FilterManager::ConfigFilterArg<(CRSLib::Can::FilterWidth)0, (CRSLib::Can::FilterMode)1>&, CRSLib::Can::RM0008::FilterManager::ConfigFilterArg<(CRSLib::Can::FilterWidth)0, (CRSLib::Can::FilterMode)1>&, CRSLib::Can::RM0008::FilterManager::ConfigFilterArg<(CRSLib::Can::FilterWidth)0, (CRSLib::Can::FilterMode)1>&, CRSLib::Can::RM0008::FilterManager::ConfigFilterArg<(CRSLib::Can::FilterWidth)0, (CRSLib::Can::FilterMode)1>&, CRSLib::Can::RM0008::FilterManager::ConfigFilterArg<(CRSLib::Can::FilterWidth)0, (CRSLib::Can::FilterMode)1>&, CRSLib::Can::RM0008::FilterManager::ConfigFilterArg<(CRSLib::Can::FilterWidth)0, (CRSLib::Can::FilterMode)1>&, CRSLib::Can::RM0008::FilterManager::ConfigFilterArg<(CRSLib::Can::FilterWidth)0, (CRSLib::Can::FilterMode)1>&, CRSLib::Can::RM0008::FilterManager::ConfigFilterArg<(CRSLib::Can::FilterWidth)0, (CRSLib::Can::FilterMode)1>&, CRSLib::Can::RM0008::FilterManager::ConfigFilterArg<(CRSLib::Can::FilterWidth)0, (CRSLib::Can::FilterMode)1>&)::{lambda(auto:1)#2}&)::{lambda(auto:1&&, auto:2&&)#1}> >(unsigned char*, int, int, unsigned char, __gnu_cxx::__ops::_Iter_comp_iter<std::ranges::__detail::__make_comp_proj<std::ranges::less, CRSLib::Can::RM0008::FilterManager::Implement::FilterManagerImp::set_filter_match_index<(CRSLib::Can::FilterWidth)0, (CRSLib::Can::FilterWidth)0, (CRSLib::Can::FilterWidth)0, (CRSLib::Can::FilterWidth)0, (CRSLib::Can::FilterWidth)0, (CRSLib::Can::FilterWidth)0, (CRSLib::Can::FilterWidth)0, (CRSLib::Can::FilterWidth)0, (CRSLib::Can::FilterWidth)0, (CRSLib::Can::FilterWidth)0, (CRSLib::Can::FilterWidth)0, (CRSLib::Can::FilterWidth)0, (CRSLib::Can::FilterWidth)0, (CRSLib::Can::FilterWidth)0, (CRSLib::Can::FilterMode)1, (CRSLib::Can::FilterMode)1, (CRSLib::Can::FilterMode)1, (CRSLib::Can::FilterMode)1, (CRSLib::Can::FilterMode)1, (CRSLib::Can::FilterMode)1, (CRSLib::Can::FilterMode)1, (CRSLib::Can::FilterMode)1, (CRSLib::Can::FilterMode)1, (CRSLib::Can::FilterMode)1, (CRSLib::Can::FilterMode)1, (CRSLib::Can::FilterMode)1, (CRSLib::Can::FilterMode)1, (CRSLib::Can::FilterMode)1>(unsigned char, CRSLib::Can::RM0008::FilterManager::ConfigFilterArg<(CRSLib::Can::FilterWidth)0, (CRSLib::Can::FilterMode)1>&, CRSLib::Can::RM0008::FilterManager::ConfigFilterArg<(CRSLib::Can::FilterWidth)0, (CRSLib::Can::FilterMode)1>&, CRSLib::Can::RM0008::FilterManager::ConfigFilterArg<(CRSLib::Can::FilterWidth)0, (CRSLib::Can::FilterMode)1>&, CRSLib::Can::RM0008::FilterManager::ConfigFilterArg<(CRSLib::Can::FilterWidth)0, (CRSLib::Can::FilterMode)1>&, CRSLib::Can::RM0008::FilterManager::ConfigFilterArg<(CRSLib::Can::FilterWidth)0, (CRSLib::Can::FilterMode)1>&, CRSLib::Can::RM0008::FilterManager::ConfigFilterArg<(CRSLib::Can::FilterWidth)0, (CRSLib::Can::FilterMode)1>&, CRSLib::Can::RM0008::FilterManager::ConfigFilterArg<(CRSLib::Can::FilterWidth)0, (CRSLib::Can::FilterMode)1>&, CRSLib::Can::RM0008::FilterManager::ConfigFilterArg<(CRSLib::Can::FilterWidth)0, (CRSLib::Can::FilterMode)1>&, CRSLib::Can::RM0008::FilterManager::ConfigFilterArg<(CRSLib::Can::FilterWidth)0, (CRSLib::Can::FilterMode)1>&, CRSLib::Can::RM0008::FilterManager::ConfigFilterArg<(CRSLib::Can::FilterWidth)0, (CRSLib::Can::FilterMode)1>&, CRSLib::Can::RM0008::FilterManager::ConfigFilterArg<(CRSLib::Can::FilterWidth)0, (CRSLib::Can::FilterMode)1>&, CRSLib::Can::RM0008::FilterManager::ConfigFilterArg<(CRSLib::Can::FilterWidth)0, (CRSLib::Can::FilterMode)1>&, CRSLib::Can::RM0008::FilterManager::ConfigFilterArg<(CRSLib::Can::FilterWidth)0, (CRSLib::Can::FilterMode)1>&, CRSLib::Can::RM0008::FilterManager::ConfigFilterArg<(CRSLib::Can::FilterWidth)0, (CRSLib::Can::FilterMode)1>&)::{lambda(auto:1)#2}>(std::ranges::less&, CRSLib::Can::RM0008::FilterManager::Implement::FilterManagerImp::set_filter_match_index<(CRSLib::Can::FilterWidth)0, (CRSLib::Can::FilterWidth)0, (CRSLib::Can::FilterWidth)0, (CRSLib::Can::FilterWidth)0, (CRSLib::Can::FilterWidth)0, (CRSLib::Can::FilterWidth)0, (CRSLib::Can::FilterWidth)0, (CRSLib::Can::FilterWidth)0, (CRSLib::Can::FilterWidth)0, (CRSLib::Can::FilterWidth)0, (CRSLib::Can::FilterWidth)0, (CRSLib::Can::FilterWidth)0, (CRSLib::Can::FilterWidth)0, (CRSLib::Can::FilterWidth)0, (CRSLib::Can::FilterMode)1, (CRSLib::Can::FilterMode)1, (CRSLib::Can::FilterMode)1, (CRSLib::Can::FilterMode)1, (CRSLib::Can::FilterMode)1, (CRSLib::Can::FilterMode)1, (CRSLib::Can::FilterMode)1, (CRSLib::Can::FilterMode)1, (CRSLib::Can::FilterMode)1, (CRSLib::Can::FilterMode)1, (CRSLib::Can::FilterMode)1, (CRSLib::Can::FilterMode)1, (CRSLib::Can::FilterMode)1, (CRSLib::Can::FilterMode)1>(unsigned char, CRSLib::Can::RM0008::FilterManager::ConfigFilterArg<(CRSLib::Can::FilterWidth)0, (CRSLib::Can::FilterMode)1>&, CRSLib::Can::RM0008::FilterManager::ConfigFilterArg<(CRSLib::Can::FilterWidth)0, (CRSLib::Can::FilterMode)1>&, CRSLib::Can::RM0008::FilterManager::ConfigFilterArg<(CRSLib::Can::FilterWidth)0, (CRSLib::Can::FilterMode)1>&, CRSLib::Can::RM0008::FilterManager::ConfigFilterArg<(CRSLib::Can::FilterWidth)0, (CRSLib::Can::FilterMode)1>&, CRSLib::Can::RM0008::FilterManager::ConfigFilterArg<(CRSLib::Can::FilterWidth)0, (CRSLib::Can::FilterMode)1>&, CRSLib::Can::RM0008::FilterManager::ConfigFilterArg<(CRSLib::Can::FilterWidth)0, (CRSLib::Can::FilterMode)1>&, CRSLib::Can::RM0008::FilterManager::ConfigFilterArg<(CRSLib::Can::FilterWidth)0, (CRSLib::Can::FilterMode)1>&, CRSLib::Can::RM0008::FilterManager::ConfigFilterArg<(CRSLib::Can::FilterWidth)0, (CRSLib::Can::FilterMode)1>&, CRSLib::Can::RM0008::FilterManager::ConfigFilterArg<(CRSLib::Can::FilterWidth)0, (CRSLib::Can::FilterMode)1>&, CRSLib::Can::RM0008::FilterManager::ConfigFilterArg<(CRSLib::Can::FilterWidth)0, (CRSLib::Can::FilterMode)1>&, CRSLib::Can::RM0008::FilterManager::ConfigFilterArg<(CRSLib::Can::FilterWidth)0, (CRSLib::Can::FilterMode)1>&, CRSLib::Can::RM0008::FilterManager::ConfigFilterArg<(CRSLib::Can::FilterWidth)0, (CRSLib::Can::FilterMode)1>&, CRSLib::Can::RM0008::FilterManager::ConfigFilterArg<(CRSLib::Can::FilterWidth)0, (CRSLib::Can::FilterMode)1>&, CRSLib::Can::RM0008::FilterManager::ConfigFilterArg<(CRSLib::Can::FilterWidth)0, (CRSLib::Can::FilterMode)1>&)::{lambda(auto:1)#2}&)::{lambda(auto:1&&, auto:2&&)#1}>)
 .text._ZSt16__introsort_loopIPhiN9__gnu_cxx5__ops15_Iter_comp_iterIZNSt6ranges8__detail16__make_comp_projINS4_4lessEZN6CRSLib3Can6RM000813FilterManager9Implement16FilterManagerImp22set_filter_match_indexIJLNS9_11FilterWidthE0ELSF_0ELSF_0ELSF_0ELSF_0ELSF_0ELSF_0ELSF_0ELSF_0ELSF_0ELSF_0ELSF_0ELSF_0ELSF_0EEJLNS9_10FilterModeE1ELSG_1ELSG_1ELSG_1ELSG_1ELSG_1ELSG_1ELSG_1ELSG_1ELSG_1ELSG_1ELSG_1ELSG_1ELSG_1EEEEvhDpRNSB_15ConfigFilterArgIXT_EXT0_EEEEUlT_E0_EEDaRSL_RT0_EUlOSL_OSO_E_EEEvSL_SL_SO_T1_
                0x0000000008000a66      0x10a ./Core/Src/wrapper.o
                0x0000000008000a66                void std::__introsort_loop<unsigned char*, int, __gnu_cxx::__ops::_Iter_comp_iter<std::ranges::__detail::__make_comp_proj<std::ranges::less, CRSLib::Can::RM0008::FilterManager::Implement::FilterManagerImp::set_filter_match_index<(CRSLib::Can::FilterWidth)0, (CRSLib::Can::FilterWidth)0, (CRSLib::Can::FilterWidth)0, (CRSLib::Can::FilterWidth)0, (CRSLib::Can::FilterWidth)0, (CRSLib::Can::FilterWidth)0, (CRSLib::Can::FilterWidth)0, (CRSLib::Can::FilterWidth)0, (CRSLib::Can::FilterWidth)0, (CRSLib::Can::FilterWidth)0, (CRSLib::Can::FilterWidth)0, (CRSLib::Can::FilterWidth)0, (CRSLib::Can::FilterWidth)0, (CRSLib::Can::FilterWidth)0, (CRSLib::Can::FilterMode)1, (CRSLib::Can::FilterMode)1, (CRSLib::Can::FilterMode)1, (CRSLib::Can::FilterMode)1, (CRSLib::Can::FilterMode)1, (CRSLib::Can::FilterMode)1, (CRSLib::Can::FilterMode)1, (CRSLib::Can::FilterMode)1, (CRSLib::Can::FilterMode)1, (CRSLib::Can::FilterMode)1, (CRSLib::Can::FilterMode)1, (CRSLib::Can::FilterMode)1, (CRSLib::Can::FilterMode)1, (CRSLib::Can::FilterMode)1>(unsigned char, CRSLib::Can::RM0008::FilterManager::ConfigFilterArg<(CRSLib::Can::FilterWidth)0, (CRSLib::Can::FilterMode)1>&, CRSLib::Can::RM0008::FilterManager::ConfigFilterArg<(CRSLib::Can::FilterWidth)0, (CRSLib::Can::FilterMode)1>&, CRSLib::Can::RM0008::FilterManager::ConfigFilterArg<(CRSLib::Can::FilterWidth)0, (CRSLib::Can::FilterMode)1>&, CRSLib::Can::RM0008::FilterManager::ConfigFilterArg<(CRSLib::Can::FilterWidth)0, (CRSLib::Can::FilterMode)1>&, CRSLib::Can::RM0008::FilterManager::ConfigFilterArg<(CRSLib::Can::FilterWidth)0, (CRSLib::Can::FilterMode)1>&, CRSLib::Can::RM0008::FilterManager::ConfigFilterArg<(CRSLib::Can::FilterWidth)0, (CRSLib::Can::FilterMode)1>&, CRSLib::Can::RM0008::FilterManager::ConfigFilterArg<(CRSLib::Can::FilterWidth)0, (CRSLib::Can::FilterMode)1>&, CRSLib::Can::RM0008::FilterManager::ConfigFilterArg<(CRSLib::Can::FilterWidth)0, (CRSLib::Can::FilterMode)1>&, CRSLib::Can::RM0008::FilterManager::ConfigFilterArg<(CRSLib::Can::FilterWidth)0, (CRSLib::Can::FilterMode)1>&, CRSLib::Can::RM0008::FilterManager::ConfigFilterArg<(CRSLib::Can::FilterWidth)0, (CRSLib::Can::FilterMode)1>&, CRSLib::Can::RM0008::FilterManager::ConfigFilterArg<(CRSLib::Can::FilterWidth)0, (CRSLib::Can::FilterMode)1>&, CRSLib::Can::RM0008::FilterManager::ConfigFilterArg<(CRSLib::Can::FilterWidth)0, (CRSLib::Can::FilterMode)1>&, CRSLib::Can::RM0008::FilterManager::ConfigFilterArg<(CRSLib::Can::FilterWidth)0, (CRSLib::Can::FilterMode)1>&, CRSLib::Can::RM0008::FilterManager::ConfigFilterArg<(CRSLib::Can::FilterWidth)0, (CRSLib::Can::FilterMode)1>&)::{lambda(auto:1)#2}>(std::ranges::less&, CRSLib::Can::RM0008::FilterManager::Implement::FilterManagerImp::set_filter_match_index<(CRSLib::Can::FilterWidth)0, (CRSLib::Can::FilterWidth)0, (CRSLib::Can::FilterWidth)0, (CRSLib::Can::FilterWidth)0, (CRSLib::Can::FilterWidth)0, (CRSLib::Can::FilterWidth)0, (CRSLib::Can::FilterWidth)0, (CRSLib::Can::FilterWidth)0, (CRSLib::Can::FilterWidth)0, (CRSLib::Can::FilterWidth)0, (CRSLib::Can::FilterWidth)0, (CRSLib::Can::FilterWidth)0, (CRSLib::Can::FilterWidth)0, (CRSLib::Can::FilterWidth)0, (CRSLib::Can::FilterMode)1, (CRSLib::Can::FilterMode)1, (CRSLib::Can::FilterMode)1, (CRSLib::Can::FilterMode)1, (CRSLib::Can::FilterMode)1, (CRSLib::Can::FilterMode)1, (CRSLib::Can::FilterMode)1, (CRSLib::Can::FilterMode)1, (CRSLib::Can::FilterMode)1, (CRSLib::Can::FilterMode)1, (CRSLib::Can::FilterMode)1, (CRSLib::Can::FilterMode)1, (CRSLib::Can::FilterMode)1, (CRSLib::Can::FilterMode)1>(unsigned char, CRSLib::Can::RM0008::FilterManager::ConfigFilterArg<(CRSLib::Can::FilterWidth)0, (CRSLib::Can::FilterMode)1>&, CRSLib::Can::RM0008::FilterManager::ConfigFilterArg<(CRSLib::Can::FilterWidth)0, (CRSLib::Can::FilterMode)1>&, CRSLib::Can::RM0008::FilterManager::ConfigFilterArg<(CRSLib::Can::FilterWidth)0, (CRSLib::Can::FilterMode)1>&, CRSLib::Can::RM0008::FilterManager::ConfigFilterArg<(CRSLib::Can::FilterWidth)0, (CRSLib::Can::FilterMode)1>&, CRSLib::Can::RM0008::FilterManager::ConfigFilterArg<(CRSLib::Can::FilterWidth)0, (CRSLib::Can::FilterMode)1>&, CRSLib::Can::RM0008::FilterManager::ConfigFilterArg<(CRSLib::Can::FilterWidth)0, (CRSLib::Can::FilterMode)1>&, CRSLib::Can::RM0008::FilterManager::ConfigFilterArg<(CRSLib::Can::FilterWidth)0, (CRSLib::Can::FilterMode)1>&, CRSLib::Can::RM0008::FilterManager::ConfigFilterArg<(CRSLib::Can::FilterWidth)0, (CRSLib::Can::FilterMode)1>&, CRSLib::Can::RM0008::FilterManager::ConfigFilterArg<(CRSLib::Can::FilterWidth)0, (CRSLib::Can::FilterMode)1>&, CRSLib::Can::RM0008::FilterManager::ConfigFilterArg<(CRSLib::Can::FilterWidth)0, (CRSLib::Can::FilterMode)1>&, CRSLib::Can::RM0008::FilterManager::ConfigFilterArg<(CRSLib::Can::FilterWidth)0, (CRSLib::Can::FilterMode)1>&, CRSLib::Can::RM0008::FilterManager::ConfigFilterArg<(CRSLib::Can::FilterWidth)0, (CRSLib::Can::FilterMode)1>&, CRSLib::Can::RM0008::FilterManager::ConfigFilterArg<(CRSLib::Can::FilterWidth)0, (CRSLib::Can::FilterMode)1>&, CRSLib::Can::RM0008::FilterManager::ConfigFilterArg<(CRSLib::Can::FilterWidth)0, (CRSLib::Can::FilterMode)1>&)::{lambda(auto:1)#2}&)::{lambda(auto:1&&, auto:2&&)#1}> >(unsigned char*, unsigned char*, int, __gnu_cxx::__ops::_Iter_comp_iter<std::ranges::__detail::__make_comp_proj<std::ranges::less, CRSLib::Can::RM0008::FilterManager::Implement::FilterManagerImp::set_filter_match_index<(CRSLib::Can::FilterWidth)0, (CRSLib::Can::FilterWidth)0, (CRSLib::Can::FilterWidth)0, (CRSLib::Can::FilterWidth)0, (CRSLib::Can::FilterWidth)0, (CRSLib::Can::FilterWidth)0, (CRSLib::Can::FilterWidth)0, (CRSLib::Can::FilterWidth)0, (CRSLib::Can::FilterWidth)0, (CRSLib::Can::FilterWidth)0, (CRSLib::Can::FilterWidth)0, (CRSLib::Can::FilterWidth)0, (CRSLib::Can::FilterWidth)0, (CRSLib::Can::FilterWidth)0, (CRSLib::Can::FilterMode)1, (CRSLib::Can::FilterMode)1, (CRSLib::Can::FilterMode)1, (CRSLib::Can::FilterMode)1, (CRSLib::Can::FilterMode)1, (CRSLib::Can::FilterMode)1, (CRSLib::Can::FilterMode)1, (CRSLib::Can::FilterMode)1, (CRSLib::Can::FilterMode)1, (CRSLib::Can::FilterMode)1, (CRSLib::Can::FilterMode)1, (CRSLib::Can::FilterMode)1, (CRSLib::Can::FilterMode)1, (CRSLib::Can::FilterMode)1>(unsigned char, CRSLib::Can::RM0008::FilterManager::ConfigFilterArg<(CRSLib::Can::FilterWidth)0, (CRSLib::Can::FilterMode)1>&, CRSLib::Can::RM0008::FilterManager::ConfigFilterArg<(CRSLib::Can::FilterWidth)0, (CRSLib::Can::FilterMode)1>&, CRSLib::Can::RM0008::FilterManager::ConfigFilterArg<(CRSLib::Can::FilterWidth)0, (CRSLib::Can::FilterMode)1>&, CRSLib::Can::RM0008::FilterManager::ConfigFilterArg<(CRSLib::Can::FilterWidth)0, (CRSLib::Can::FilterMode)1>&, CRSLib::Can::RM0008::FilterManager::ConfigFilterArg<(CRSLib::Can::FilterWidth)0, (CRSLib::Can::FilterMode)1>&, CRSLib::Can::RM0008::FilterManager::ConfigFilterArg<(CRSLib::Can::FilterWidth)0, (CRSLib::Can::FilterMode)1>&, CRSLib::Can::RM0008::FilterManager::ConfigFilterArg<(CRSLib::Can::FilterWidth)0, (CRSLib::Can::FilterMode)1>&, CRSLib::Can::RM0008::FilterManager::ConfigFilterArg<(CRSLib::Can::FilterWidth)0, (CRSLib::Can::FilterMode)1>&, CRSLib::Can::RM0008::FilterManager::ConfigFilterArg<(CRSLib::Can::FilterWidth)0, (CRSLib::Can::FilterMode)1>&, CRSLib::Can::RM0008::FilterManager::ConfigFilterArg<(CRSLib::Can::FilterWidth)0, (CRSLib::Can::FilterMode)1>&, CRSLib::Can::RM0008::FilterManager::ConfigFilterArg<(CRSLib::Can::FilterWidth)0, (CRSLib::Can::FilterMode)1>&, CRSLib::Can::RM0008::FilterManager::ConfigFilterArg<(CRSLib::Can::FilterWidth)0, (CRSLib::Can::FilterMode)1>&, CRSLib::Can::RM0008::FilterManager::ConfigFilterArg<(CRSLib::Can::FilterWidth)0, (CRSLib::Can::FilterMode)1>&, CRSLib::Can::RM0008::FilterManager::ConfigFilterArg<(CRSLib::Can::FilterWidth)0, (CRSLib::Can::FilterMode)1>&)::{lambda(auto:1)#2}>(std::ranges::less&, CRSLib::Can::RM0008::FilterManager::Implement::FilterManagerImp::set_filter_match_index<(CRSLib::Can::FilterWidth)0, (CRSLib::Can::FilterWidth)0, (CRSLib::Can::FilterWidth)0, (CRSLib::Can::FilterWidth)0, (CRSLib::Can::FilterWidth)0, (CRSLib::Can::FilterWidth)0, (CRSLib::Can::FilterWidth)0, (CRSLib::Can::FilterWidth)0, (CRSLib::Can::FilterWidth)0, (CRSLib::Can::FilterWidth)0, (CRSLib::Can::FilterWidth)0, (CRSLib::Can::FilterWidth)0, (CRSLib::Can::FilterWidth)0, (CRSLib::Can::FilterWidth)0, (CRSLib::Can::FilterMode)1, (CRSLib::Can::FilterMode)1, (CRSLib::Can::FilterMode)1, (CRSLib::Can::FilterMode)1, (CRSLib::Can::FilterMode)1, (CRSLib::Can::FilterMode)1, (CRSLib::Can::FilterMode)1, (CRSLib::Can::FilterMode)1, (CRSLib::Can::FilterMode)1, (CRSLib::Can::FilterMode)1, (CRSLib::Can::FilterMode)1, (CRSLib::Can::FilterMode)1, (CRSLib::Can::FilterMode)1, (CRSLib::Can::FilterMode)1>(unsigned char, CRSLib::Can::RM0008::FilterManager::ConfigFilterArg<(CRSLib::Can::FilterWidth)0, (CRSLib::Can::FilterMode)1>&, CRSLib::Can::RM0008::FilterManager::ConfigFilterArg<(CRSLib::Can::FilterWidth)0, (CRSLib::Can::FilterMode)1>&, CRSLib::Can::RM0008::FilterManager::ConfigFilterArg<(CRSLib::Can::FilterWidth)0, (CRSLib::Can::FilterMode)1>&, CRSLib::Can::RM0008::FilterManager::ConfigFilterArg<(CRSLib::Can::FilterWidth)0, (CRSLib::Can::FilterMode)1>&, CRSLib::Can::RM0008::FilterManager::ConfigFilterArg<(CRSLib::Can::FilterWidth)0, (CRSLib::Can::FilterMode)1>&, CRSLib::Can::RM0008::FilterManager::ConfigFilterArg<(CRSLib::Can::FilterWidth)0, (CRSLib::Can::FilterMode)1>&, CRSLib::Can::RM0008::FilterManager::ConfigFilterArg<(CRSLib::Can::FilterWidth)0, (CRSLib::Can::FilterMode)1>&, CRSLib::Can::RM0008::FilterManager::ConfigFilterArg<(CRSLib::Can::FilterWidth)0, (CRSLib::Can::FilterMode)1>&, CRSLib::Can::RM0008::FilterManager::ConfigFilterArg<(CRSLib::Can::FilterWidth)0, (CRSLib::Can::FilterMode)1>&, CRSLib::Can::RM0008::FilterManager::ConfigFilterArg<(CRSLib::Can::FilterWidth)0, (CRSLib::Can::FilterMode)1>&, CRSLib::Can::RM0008::FilterManager::ConfigFilterArg<(CRSLib::Can::FilterWidth)0, (CRSLib::Can::FilterMode)1>&, CRSLib::Can::RM0008::FilterManager::ConfigFilterArg<(CRSLib::Can::FilterWidth)0, (CRSLib::Can::FilterMode)1>&, CRSLib::Can::RM0008::FilterManager::ConfigFilterArg<(CRSLib::Can::FilterWidth)0, (CRSLib::Can::FilterMode)1>&, CRSLib::Can::RM0008::FilterManager::ConfigFilterArg<(CRSLib::Can::FilterWidth)0, (CRSLib::Can::FilterMode)1>&)::{lambda(auto:1)#2}&)::{lambda(auto:1&&, auto:2&&)#1}>)
 .text._ZN6CRSLib3Can6RM000813FilterManager9Implement16FilterManagerImp22set_filter_match_indexIJLNS0_11FilterWidthE0ELS6_0ELS6_0ELS6_0ELS6_0ELS6_0ELS6_0ELS6_0ELS6_0ELS6_0ELS6_0ELS6_0ELS6_0ELS6_0EEJLNS0_10FilterModeE1ELS7_1ELS7_1ELS7_1ELS7_1ELS7_1ELS7_1ELS7_1ELS7_1ELS7_1ELS7_1ELS7_1ELS7_1ELS7_1EEEEvhDpRNS2_15ConfigFilterArgIXT_EXT0_EEE
                0x0000000008000b70      0x220 ./Core/Src/wrapper.o
                0x0000000008000b70                void CRSLib::Can::RM0008::FilterManager::Implement::FilterManagerImp::set_filter_match_index<(CRSLib::Can::FilterWidth)0, (CRSLib::Can::FilterWidth)0, (CRSLib::Can::FilterWidth)0, (CRSLib::Can::FilterWidth)0, (CRSLib::Can::FilterWidth)0, (CRSLib::Can::FilterWidth)0, (CRSLib::Can::FilterWidth)0, (CRSLib::Can::FilterWidth)0, (CRSLib::Can::FilterWidth)0, (CRSLib::Can::FilterWidth)0, (CRSLib::Can::FilterWidth)0, (CRSLib::Can::FilterWidth)0, (CRSLib::Can::FilterWidth)0, (CRSLib::Can::FilterWidth)0, (CRSLib::Can::FilterMode)1, (CRSLib::Can::FilterMode)1, (CRSLib::Can::FilterMode)1, (CRSLib::Can::FilterMode)1, (CRSLib::Can::FilterMode)1, (CRSLib::Can::FilterMode)1, (CRSLib::Can::FilterMode)1, (CRSLib::Can::FilterMode)1, (CRSLib::Can::FilterMode)1, (CRSLib::Can::FilterMode)1, (CRSLib::Can::FilterMode)1, (CRSLib::Can::FilterMode)1, (CRSLib::Can::FilterMode)1, (CRSLib::Can::FilterMode)1>(unsigned char, CRSLib::Can::RM0008::FilterManager::ConfigFilterArg<(CRSLib::Can::FilterWidth)0, (CRSLib::Can::FilterMode)1>&, CRSLib::Can::RM0008::FilterManager::ConfigFilterArg<(CRSLib::Can::FilterWidth)0, (CRSLib::Can::FilterMode)1>&, CRSLib::Can::RM0008::FilterManager::ConfigFilterArg<(CRSLib::Can::FilterWidth)0, (CRSLib::Can::FilterMode)1>&, CRSLib::Can::RM0008::FilterManager::ConfigFilterArg<(CRSLib::Can::FilterWidth)0, (CRSLib::Can::FilterMode)1>&, CRSLib::Can::RM0008::FilterManager::ConfigFilterArg<(CRSLib::Can::FilterWidth)0, (CRSLib::Can::FilterMode)1>&, CRSLib::Can::RM0008::FilterManager::ConfigFilterArg<(CRSLib::Can::FilterWidth)0, (CRSLib::Can::FilterMode)1>&, CRSLib::Can::RM0008::FilterManager::ConfigFilterArg<(CRSLib::Can::FilterWidth)0, (CRSLib::Can::FilterMode)1>&, CRSLib::Can::RM0008::FilterManager::ConfigFilterArg<(CRSLib::Can::FilterWidth)0, (CRSLib::Can::FilterMode)1>&, CRSLib::Can::RM0008::FilterManager::ConfigFilterArg<(CRSLib::Can::FilterWidth)0, (CRSLib::Can::FilterMode)1>&, CRSLib::Can::RM0008::FilterManager::ConfigFilterArg<(CRSLib::Can::FilterWidth)0, (CRSLib::Can::FilterMode)1>&, CRSLib::Can::RM0008::FilterManager::ConfigFilterArg<(CRSLib::Can::FilterWidth)0, (CRSLib::Can::FilterMode)1>&, CRSLib::Can::RM0008::FilterManager::ConfigFilterArg<(CRSLib::Can::FilterWidth)0, (CRSLib::Can::FilterMode)1>&, CRSLib::Can::RM0008::FilterManager::ConfigFilterArg<(CRSLib::Can::FilterWidth)0, (CRSLib::Can::FilterMode)1>&, CRSLib::Can::RM0008::FilterManager::ConfigFilterArg<(CRSLib::Can::FilterWidth)0, (CRSLib::Can::FilterMode)1>&)
 .text._ZN6CRSLib3Can6RM000813FilterManager18config_filter_bankIJLNS0_11FilterWidthE0ELS4_0ELS4_0ELS4_0ELS4_0ELS4_0ELS4_0ELS4_0ELS4_0ELS4_0ELS4_0ELS4_0ELS4_0ELS4_0EEJLNS0_10FilterModeE1ELS5_1ELS5_1ELS5_1ELS5_1ELS5_1ELS5_1ELS5_1ELS5_1ELS5_1ELS5_1ELS5_1ELS5_1ELS5_1EEEEvhDpRNS2_15ConfigFilterArgIXT_EXT0_EEE
                0x0000000008000d90      0x6d0 ./Core/Src/wrapper.o
                0x0000000008000d90                void CRSLib::Can::RM0008::FilterManager::config_filter_bank<(CRSLib::Can::FilterWidth)0, (CRSLib::Can::FilterWidth)0, (CRSLib::Can::FilterWidth)0, (CRSLib::Can::FilterWidth)0, (CRSLib::Can::FilterWidth)0, (CRSLib::Can::FilterWidth)0, (CRSLib::Can::FilterWidth)0, (CRSLib::Can::FilterWidth)0, (CRSLib::Can::FilterWidth)0, (CRSLib::Can::FilterWidth)0, (CRSLib::Can::FilterWidth)0, (CRSLib::Can::FilterWidth)0, (CRSLib::Can::FilterWidth)0, (CRSLib::Can::FilterWidth)0, (CRSLib::Can::FilterMode)1, (CRSLib::Can::FilterMode)1, (CRSLib::Can::FilterMode)1, (CRSLib::Can::FilterMode)1, (CRSLib::Can::FilterMode)1, (CRSLib::Can::FilterMode)1, (CRSLib::Can::FilterMode)1, (CRSLib::Can::FilterMode)1, (CRSLib::Can::FilterMode)1, (CRSLib::Can::FilterMode)1, (CRSLib::Can::FilterMode)1, (CRSLib::Can::FilterMode)1, (CRSLib::Can::FilterMode)1, (CRSLib::Can::FilterMode)1>(unsigned char, CRSLib::Can::RM0008::FilterManager::ConfigFilterArg<(CRSLib::Can::FilterWidth)0, (CRSLib::Can::FilterMode)1>&, CRSLib::Can::RM0008::FilterManager::ConfigFilterArg<(CRSLib::Can::FilterWidth)0, (CRSLib::Can::FilterMode)1>&, CRSLib::Can::RM0008::FilterManager::ConfigFilterArg<(CRSLib::Can::FilterWidth)0, (CRSLib::Can::FilterMode)1>&, CRSLib::Can::RM0008::FilterManager::ConfigFilterArg<(CRSLib::Can::FilterWidth)0, (CRSLib::Can::FilterMode)1>&, CRSLib::Can::RM0008::FilterManager::ConfigFilterArg<(CRSLib::Can::FilterWidth)0, (CRSLib::Can::FilterMode)1>&, CRSLib::Can::RM0008::FilterManager::ConfigFilterArg<(CRSLib::Can::FilterWidth)0, (CRSLib::Can::FilterMode)1>&, CRSLib::Can::RM0008::FilterManager::ConfigFilterArg<(CRSLib::Can::FilterWidth)0, (CRSLib::Can::FilterMode)1>&, CRSLib::Can::RM0008::FilterManager::ConfigFilterArg<(CRSLib::Can::FilterWidth)0, (CRSLib::Can::FilterMode)1>&, CRSLib::Can::RM0008::FilterManager::ConfigFilterArg<(CRSLib::Can::FilterWidth)0, (CRSLib::Can::FilterMode)1>&, CRSLib::Can::RM0008::FilterManager::ConfigFilterArg<(CRSLib::Can::FilterWidth)0, (CRSLib::Can::FilterMode)1>&, CRSLib::Can::RM0008::FilterManager::ConfigFilterArg<(CRSLib::Can::FilterWidth)0, (CRSLib::Can::FilterMode)1>&, CRSLib::Can::RM0008::FilterManager::ConfigFilterArg<(CRSLib::Can::FilterWidth)0, (CRSLib::Can::FilterMode)1>&, CRSLib::Can::RM0008::FilterManager::ConfigFilterArg<(CRSLib::Can::FilterWidth)0, (CRSLib::Can::FilterMode)1>&, CRSLib::Can::RM0008::FilterManager::ConfigFilterArg<(CRSLib::Can::FilterWidth)0, (CRSLib::Can::FilterMode)1>&)
 .text._ZSt13__adjust_heapIPhihN9__gnu_cxx5__ops15_Iter_comp_iterIZNSt6ranges8__detail16__make_comp_projINS4_4lessEZN6CRSLib3Can6RM000813FilterManager9Implement16FilterManagerImp22set_filter_match_indexIJLNS9_11FilterWidthE0ELSF_0EEJLNS9_10FilterModeE0ELSG_0EEEEvhDpRNSB_15ConfigFilterArgIXT_EXT0_EEEEUlT_E0_EEDaRSL_RT0_EUlOSL_OSO_E_EEEvSL_SO_SO_T1_T2_
                0x0000000008001460       0x88 ./Core/Src/wrapper.o
                0x0000000008001460                void std::__adjust_heap<unsigned char*, int, unsigned char, __gnu_cxx::__ops::_Iter_comp_iter<std::ranges::__detail::__make_comp_proj<std::ranges::less, CRSLib::Can::RM0008::FilterManager::Implement::FilterManagerImp::set_filter_match_index<(CRSLib::Can::FilterWidth)0, (CRSLib::Can::FilterWidth)0, (CRSLib::Can::FilterMode)0, (CRSLib::Can::FilterMode)0>(unsigned char, CRSLib::Can::RM0008::FilterManager::ConfigFilterArg<(CRSLib::Can::FilterWidth)0, (CRSLib::Can::FilterMode)0>&, CRSLib::Can::RM0008::FilterManager::ConfigFilterArg<(CRSLib::Can::FilterWidth)0, (CRSLib::Can::FilterMode)0>&)::{lambda(auto:1)#2}>(std::ranges::less&, CRSLib::Can::RM0008::FilterManager::Implement::FilterManagerImp::set_filter_match_index<(CRSLib::Can::FilterWidth)0, (CRSLib::Can::FilterWidth)0, (CRSLib::Can::FilterMode)0, (CRSLib::Can::FilterMode)0>(unsigned char, CRSLib::Can::RM0008::FilterManager::ConfigFilterArg<(CRSLib::Can::FilterWidth)0, (CRSLib::Can::FilterMode)0>&, CRSLib::Can::RM0008::FilterManager::ConfigFilterArg<(CRSLib::Can::FilterWidth)0, (CRSLib::Can::FilterMode)0>&)::{lambda(auto:1)#2}&)::{lambda(auto:1&&, auto:2&&)#1}> >(unsigned char*, int, int, unsigned char, __gnu_cxx::__ops::_Iter_comp_iter<std::ranges::__detail::__make_comp_proj<std::ranges::less, CRSLib::Can::RM0008::FilterManager::Implement::FilterManagerImp::set_filter_match_index<(CRSLib::Can::FilterWidth)0, (CRSLib::Can::FilterWidth)0, (CRSLib::Can::FilterMode)0, (CRSLib::Can::FilterMode)0>(unsigned char, CRSLib::Can::RM0008::FilterManager::ConfigFilterArg<(CRSLib::Can::FilterWidth)0, (CRSLib::Can::FilterMode)0>&, CRSLib::Can::RM0008::FilterManager::ConfigFilterArg<(CRSLib::Can::FilterWidth)0, (CRSLib::Can::FilterMode)0>&)::{lambda(auto:1)#2}>(std::ranges::less&, CRSLib::Can::RM0008::FilterManager::Implement::FilterManagerImp::set_filter_match_index<(CRSLib::Can::FilterWidth)0, (CRSLib::Can::FilterWidth)0, (CRSLib::Can::FilterMode)0, (CRSLib::Can::FilterMode)0>(unsigned char, CRSLib::Can::RM0008::FilterManager::ConfigFilterArg<(CRSLib::Can::FilterWidth)0, (CRSLib::Can::FilterMode)0>&, CRSLib::Can::RM0008::FilterManager::ConfigFilterArg<(CRSLib::Can::FilterWidth)0, (CRSLib::Can::FilterMode)0>&)::{lambda(auto:1)#2}&)::{lambda(auto:1&&, auto:2&&)#1}>)
 .text._ZSt16__introsort_loopIPhiN9__gnu_cxx5__ops15_Iter_comp_iterIZNSt6ranges8__detail16__make_comp_projINS4_4lessEZN6CRSLib3Can6RM000813FilterManager9Implement16FilterManagerImp22set_filter_match_indexIJLNS9_11FilterWidthE0ELSF_0EEJLNS9_10FilterModeE0ELSG_0EEEEvhDpRNSB_15ConfigFilterArgIXT_EXT0_EEEEUlT_E0_EEDaRSL_RT0_EUlOSL_OSO_E_EEEvSL_SL_SO_T1_
                0x00000000080014e8      0x10a ./Core/Src/wrapper.o
                0x00000000080014e8                void std::__introsort_loop<unsigned char*, int, __gnu_cxx::__ops::_Iter_comp_iter<std::ranges::__detail::__make_comp_proj<std::ranges::less, CRSLib::Can::RM0008::FilterManager::Implement::FilterManagerImp::set_filter_match_index<(CRSLib::Can::FilterWidth)0, (CRSLib::Can::FilterWidth)0, (CRSLib::Can::FilterMode)0, (CRSLib::Can::FilterMode)0>(unsigned char, CRSLib::Can::RM0008::FilterManager::ConfigFilterArg<(CRSLib::Can::FilterWidth)0, (CRSLib::Can::FilterMode)0>&, CRSLib::Can::RM0008::FilterManager::ConfigFilterArg<(CRSLib::Can::FilterWidth)0, (CRSLib::Can::FilterMode)0>&)::{lambda(auto:1)#2}>(std::ranges::less&, CRSLib::Can::RM0008::FilterManager::Implement::FilterManagerImp::set_filter_match_index<(CRSLib::Can::FilterWidth)0, (CRSLib::Can::FilterWidth)0, (CRSLib::Can::FilterMode)0, (CRSLib::Can::FilterMode)0>(unsigned char, CRSLib::Can::RM0008::FilterManager::ConfigFilterArg<(CRSLib::Can::FilterWidth)0, (CRSLib::Can::FilterMode)0>&, CRSLib::Can::RM0008::FilterManager::ConfigFilterArg<(CRSLib::Can::FilterWidth)0, (CRSLib::Can::FilterMode)0>&)::{lambda(auto:1)#2}&)::{lambda(auto:1&&, auto:2&&)#1}> >(unsigned char*, unsigned char*, int, __gnu_cxx::__ops::_Iter_comp_iter<std::ranges::__detail::__make_comp_proj<std::ranges::less, CRSLib::Can::RM0008::FilterManager::Implement::FilterManagerImp::set_filter_match_index<(CRSLib::Can::FilterWidth)0, (CRSLib::Can::FilterWidth)0, (CRSLib::Can::FilterMode)0, (CRSLib::Can::FilterMode)0>(unsigned char, CRSLib::Can::RM0008::FilterManager::ConfigFilterArg<(CRSLib::Can::FilterWidth)0, (CRSLib::Can::FilterMode)0>&, CRSLib::Can::RM0008::FilterManager::ConfigFilterArg<(CRSLib::Can::FilterWidth)0, (CRSLib::Can::FilterMode)0>&)::{lambda(auto:1)#2}>(std::ranges::less&, CRSLib::Can::RM0008::FilterManager::Implement::FilterManagerImp::set_filter_match_index<(CRSLib::Can::FilterWidth)0, (CRSLib::Can::FilterWidth)0, (CRSLib::Can::FilterMode)0, (CRSLib::Can::FilterMode)0>(unsigned char, CRSLib::Can::RM0008::FilterManager::ConfigFilterArg<(CRSLib::Can::FilterWidth)0, (CRSLib::Can::FilterMode)0>&, CRSLib::Can::RM0008::FilterManager::ConfigFilterArg<(CRSLib::Can::FilterWidth)0, (CRSLib::Can::FilterMode)0>&)::{lambda(auto:1)#2}&)::{lambda(auto:1&&, auto:2&&)#1}>)
 .text._ZN6CRSLib3Can6RM000813FilterManager9Implement16FilterManagerImp22set_filter_match_indexIJLNS0_11FilterWidthE0ELS6_0EEJLNS0_10FilterModeE0ELS7_0EEEEvhDpRNS2_15ConfigFilterArgIXT_EXT0_EEE
                0x00000000080015f2       0xda ./Core/Src/wrapper.o
                0x00000000080015f2                void CRSLib::Can::RM0008::FilterManager::Implement::FilterManagerImp::set_filter_match_index<(CRSLib::Can::FilterWidth)0, (CRSLib::Can::FilterWidth)0, (CRSLib::Can::FilterMode)0, (CRSLib::Can::FilterMode)0>(unsigned char, CRSLib::Can::RM0008::FilterManager::ConfigFilterArg<(CRSLib::Can::FilterWidth)0, (CRSLib::Can::FilterMode)0>&, CRSLib::Can::RM0008::FilterManager::ConfigFilterArg<(CRSLib::Can::FilterWidth)0, (CRSLib::Can::FilterMode)0>&)
 .text._ZN6CRSLib3Can6RM000813FilterManager18config_filter_bankIJLNS0_11FilterWidthE0ELS4_0EEJLNS0_10FilterModeE0ELS5_0EEEEvhDpRNS2_15ConfigFilterArgIXT_EXT0_EEE
                0x00000000080016cc      0x114 ./Core/Src/wrapper.o
                0x00000000080016cc                void CRSLib::Can::RM0008::FilterManager::config_filter_bank<(CRSLib::Can::FilterWidth)0, (CRSLib::Can::FilterWidth)0, (CRSLib::Can::FilterMode)0, (CRSLib::Can::FilterMode)0>(unsigned char, CRSLib::Can::RM0008::FilterManager::ConfigFilterArg<(CRSLib::Can::FilterWidth)0, (CRSLib::Can::FilterMode)0>&, CRSLib::Can::RM0008::FilterManager::ConfigFilterArg<(CRSLib::Can::FilterWidth)0, (CRSLib::Can::FilterMode)0>&)
 .text.main_cpp
                0x00000000080017e0      0x128 ./Core/Src/wrapper.o
                0x00000000080017e0                main_cpp
 .text.Reset_Handler
                0x0000000008001908       0x48 ./Core/Startup/startup_stm32f103c8tx.o
                0x0000000008001908                Reset_Handler
 .text.Default_Handler
                0x0000000008001950        0x2 ./Core/Startup/startup_stm32f103c8tx.o
                0x0000000008001950                RTC_Alarm_IRQHandler
                0x0000000008001950                EXTI2_IRQHandler
                0x0000000008001950                TIM1_CC_IRQHandler
                0x0000000008001950                PVD_IRQHandler
                0x0000000008001950                EXTI3_IRQHandler
                0x0000000008001950                EXTI0_IRQHandler
                0x0000000008001950                I2C2_EV_IRQHandler
                0x0000000008001950                ADC1_2_IRQHandler
                0x0000000008001950                SPI1_IRQHandler
                0x0000000008001950                TAMPER_IRQHandler
                0x0000000008001950                DMA1_Channel4_IRQHandler
                0x0000000008001950                USART3_IRQHandler
                0x0000000008001950                RTC_IRQHandler
                0x0000000008001950                DMA1_Channel7_IRQHandler
                0x0000000008001950                CAN1_RX1_IRQHandler
                0x0000000008001950                TIM4_IRQHandler
                0x0000000008001950                I2C1_EV_IRQHandler
                0x0000000008001950                DMA1_Channel6_IRQHandler
                0x0000000008001950                TIM3_IRQHandler
                0x0000000008001950                RCC_IRQHandler
                0x0000000008001950                TIM1_TRG_COM_IRQHandler
                0x0000000008001950                DMA1_Channel1_IRQHandler
                0x0000000008001950                Default_Handler
                0x0000000008001950                EXTI15_10_IRQHandler
                0x0000000008001950                EXTI9_5_IRQHandler
                0x0000000008001950                SPI2_IRQHandler
                0x0000000008001950                DMA1_Channel5_IRQHandler
                0x0000000008001950                EXTI4_IRQHandler
                0x0000000008001950                USB_LP_CAN1_RX0_IRQHandler
                0x0000000008001950                USB_HP_CAN1_TX_IRQHandler
                0x0000000008001950                DMA1_Channel3_IRQHandler
                0x0000000008001950                TIM1_UP_IRQHandler
                0x0000000008001950                WWDG_IRQHandler
                0x0000000008001950                TIM2_IRQHandler
                0x0000000008001950                TIM1_BRK_IRQHandler
                0x0000000008001950                EXTI1_IRQHandler
                0x0000000008001950                USART2_IRQHandler
                0x0000000008001950                I2C2_ER_IRQHandler
                0x0000000008001950                DMA1_Channel2_IRQHandler
                0x0000000008001950                CAN1_SCE_IRQHandler
                0x0000000008001950                FLASH_IRQHandler
                0x0000000008001950                USART1_IRQHandler
                0x0000000008001950                I2C1_ER_IRQHandler
                0x0000000008001950                USBWakeUp_IRQHandler
 *fill*         0x0000000008001952        0x2 
 .text.HAL_Init
                0x0000000008001954       0x2c ./Drivers/STM32F1xx_HAL_Driver/Src/stm32f1xx_hal.o
                0x0000000008001954                HAL_Init
 .text.HAL_InitTick
                0x0000000008001980       0x60 ./Drivers/STM32F1xx_HAL_Driver/Src/stm32f1xx_hal.o
                0x0000000008001980                HAL_InitTick
 .text.HAL_IncTick
                0x00000000080019e0       0x24 ./Drivers/STM32F1xx_HAL_Driver/Src/stm32f1xx_hal.o
                0x00000000080019e0                HAL_IncTick
 .text.HAL_GetTick
                0x0000000008001a04       0x14 ./Drivers/STM32F1xx_HAL_Driver/Src/stm32f1xx_hal.o
                0x0000000008001a04                HAL_GetTick
 .text.HAL_CAN_Init
                0x0000000008001a18      0x1f6 ./Drivers/STM32F1xx_HAL_Driver/Src/stm32f1xx_hal_can.o
                0x0000000008001a18                HAL_CAN_Init
 .text.HAL_CAN_DeInit
                0x0000000008001c0e       0x46 ./Drivers/STM32F1xx_HAL_Driver/Src/stm32f1xx_hal_can.o
                0x0000000008001c0e                HAL_CAN_DeInit
 .text.HAL_CAN_Start
                0x0000000008001c54       0x88 ./Drivers/STM32F1xx_HAL_Driver/Src/stm32f1xx_hal_can.o
                0x0000000008001c54                HAL_CAN_Start
 .text.HAL_CAN_Stop
                0x0000000008001cdc       0x92 ./Drivers/STM32F1xx_HAL_Driver/Src/stm32f1xx_hal_can.o
                0x0000000008001cdc                HAL_CAN_Stop
 .text.HAL_CAN_GetRxMessage
                0x0000000008001d6e      0x222 ./Drivers/STM32F1xx_HAL_Driver/Src/stm32f1xx_hal_can.o
                0x0000000008001d6e                HAL_CAN_GetRxMessage
 .text.HAL_CAN_GetRxFifoFillLevel
                0x0000000008001f90       0x4e ./Drivers/STM32F1xx_HAL_Driver/Src/stm32f1xx_hal_can.o
                0x0000000008001f90                HAL_CAN_GetRxFifoFillLevel
 *fill*         0x0000000008001fde        0x2 
 .text.__NVIC_SetPriorityGrouping
                0x0000000008001fe0       0x48 ./Drivers/STM32F1xx_HAL_Driver/Src/stm32f1xx_hal_cortex.o
 .text.__NVIC_GetPriorityGrouping
                0x0000000008002028       0x1c ./Drivers/STM32F1xx_HAL_Driver/Src/stm32f1xx_hal_cortex.o
 .text.__NVIC_SetPriority
                0x0000000008002044       0x54 ./Drivers/STM32F1xx_HAL_Driver/Src/stm32f1xx_hal_cortex.o
 .text.NVIC_EncodePriority
                0x0000000008002098       0x64 ./Drivers/STM32F1xx_HAL_Driver/Src/stm32f1xx_hal_cortex.o
 .text.SysTick_Config
                0x00000000080020fc       0x44 ./Drivers/STM32F1xx_HAL_Driver/Src/stm32f1xx_hal_cortex.o
 .text.HAL_NVIC_SetPriorityGrouping
                0x0000000008002140       0x16 ./Drivers/STM32F1xx_HAL_Driver/Src/stm32f1xx_hal_cortex.o
                0x0000000008002140                HAL_NVIC_SetPriorityGrouping
 .text.HAL_NVIC_SetPriority
                0x0000000008002156       0x38 ./Drivers/STM32F1xx_HAL_Driver/Src/stm32f1xx_hal_cortex.o
                0x0000000008002156                HAL_NVIC_SetPriority
 .text.HAL_SYSTICK_Config
                0x000000000800218e       0x18 ./Drivers/STM32F1xx_HAL_Driver/Src/stm32f1xx_hal_cortex.o
                0x000000000800218e                HAL_SYSTICK_Config
 *fill*         0x00000000080021a6        0x2 
 .text.HAL_GPIO_Init
                0x00000000080021a8      0x308 ./Drivers/STM32F1xx_HAL_Driver/Src/stm32f1xx_hal_gpio.o
                0x00000000080021a8                HAL_GPIO_Init
 .text.HAL_GPIO_DeInit
                0x00000000080024b0      0x178 ./Drivers/STM32F1xx_HAL_Driver/Src/stm32f1xx_hal_gpio.o
                0x00000000080024b0                HAL_GPIO_DeInit
 .text.HAL_RCC_OscConfig
                0x0000000008002628      0x504 ./Drivers/STM32F1xx_HAL_Driver/Src/stm32f1xx_hal_rcc.o
                0x0000000008002628                HAL_RCC_OscConfig
 .text.HAL_RCC_ClockConfig
                0x0000000008002b2c      0x1d4 ./Drivers/STM32F1xx_HAL_Driver/Src/stm32f1xx_hal_rcc.o
                0x0000000008002b2c                HAL_RCC_ClockConfig
 .text.HAL_RCC_GetSysClockFreq
                0x0000000008002d00       0xbc ./Drivers/STM32F1xx_HAL_Driver/Src/stm32f1xx_hal_rcc.o
                0x0000000008002d00                HAL_RCC_GetSysClockFreq
 .text.HAL_RCC_GetHCLKFreq
                0x0000000008002dbc       0x14 ./Drivers/STM32F1xx_HAL_Driver/Src/stm32f1xx_hal_rcc.o
                0x0000000008002dbc                HAL_RCC_GetHCLKFreq
 .text.HAL_RCC_GetPCLK1Freq
                0x0000000008002dd0       0x28 ./Drivers/STM32F1xx_HAL_Driver/Src/stm32f1xx_hal_rcc.o
                0x0000000008002dd0                HAL_RCC_GetPCLK1Freq
 .text.RCC_Delay
                0x0000000008002df8       0x3c ./Drivers/STM32F1xx_HAL_Driver/Src/stm32f1xx_hal_rcc.o
 .text.HAL_TIM_Base_Init
                0x0000000008002e34       0x9e ./Drivers/STM32F1xx_HAL_Driver/Src/stm32f1xx_hal_tim.o
                0x0000000008002e34                HAL_TIM_Base_Init
 .text.HAL_TIM_PWM_Init
                0x0000000008002ed2       0x9e ./Drivers/STM32F1xx_HAL_Driver/Src/stm32f1xx_hal_tim.o
                0x0000000008002ed2                HAL_TIM_PWM_Init
 .text.HAL_TIM_PWM_MspInit
                0x0000000008002f70       0x12 ./Drivers/STM32F1xx_HAL_Driver/Src/stm32f1xx_hal_tim.o
                0x0000000008002f70                HAL_TIM_PWM_MspInit
 *fill*         0x0000000008002f82        0x2 
 .text.HAL_TIM_PWM_Start
                0x0000000008002f84      0x144 ./Drivers/STM32F1xx_HAL_Driver/Src/stm32f1xx_hal_tim.o
                0x0000000008002f84                HAL_TIM_PWM_Start
 .text.HAL_TIM_PWM_ConfigChannel
                0x00000000080030c8      0x17c ./Drivers/STM32F1xx_HAL_Driver/Src/stm32f1xx_hal_tim.o
                0x00000000080030c8                HAL_TIM_PWM_ConfigChannel
 .text.HAL_TIM_ConfigClockSource
                0x0000000008003244      0x188 ./Drivers/STM32F1xx_HAL_Driver/Src/stm32f1xx_hal_tim.o
                0x0000000008003244                HAL_TIM_ConfigClockSource
 .text.TIM_Base_SetConfig
                0x00000000080033cc       0xc4 ./Drivers/STM32F1xx_HAL_Driver/Src/stm32f1xx_hal_tim.o
                0x00000000080033cc                TIM_Base_SetConfig
 .text.TIM_OC1_SetConfig
                0x0000000008003490       0xcc ./Drivers/STM32F1xx_HAL_Driver/Src/stm32f1xx_hal_tim.o
 .text.TIM_OC2_SetConfig
                0x000000000800355c       0xd4 ./Drivers/STM32F1xx_HAL_Driver/Src/stm32f1xx_hal_tim.o
                0x000000000800355c                TIM_OC2_SetConfig
 .text.TIM_OC3_SetConfig
                0x0000000008003630       0xd4 ./Drivers/STM32F1xx_HAL_Driver/Src/stm32f1xx_hal_tim.o
 .text.TIM_OC4_SetConfig
                0x0000000008003704       0x9c ./Drivers/STM32F1xx_HAL_Driver/Src/stm32f1xx_hal_tim.o
 .text.TIM_TI1_ConfigInputStage
                0x00000000080037a0       0x5c ./Drivers/STM32F1xx_HAL_Driver/Src/stm32f1xx_hal_tim.o
 .text.TIM_TI2_ConfigInputStage
                0x00000000080037fc       0x5e ./Drivers/STM32F1xx_HAL_Driver/Src/stm32f1xx_hal_tim.o
 .text.TIM_ITRx_SetConfig
                0x000000000800385a       0x34 ./Drivers/STM32F1xx_HAL_Driver/Src/stm32f1xx_hal_tim.o
 .text.TIM_ETR_SetConfig
                0x000000000800388e       0x3e ./Drivers/STM32F1xx_HAL_Driver/Src/stm32f1xx_hal_tim.o
                0x000000000800388e                TIM_ETR_SetConfig
 .text.TIM_CCxChannelCmd
                0x00000000080038cc       0x48 ./Drivers/STM32F1xx_HAL_Driver/Src/stm32f1xx_hal_tim.o
                0x00000000080038cc                TIM_CCxChannelCmd
 .text.HAL_TIMEx_MasterConfigSynchronization
                0x0000000008003914       0xbc ./Drivers/STM32F1xx_HAL_Driver/Src/stm32f1xx_hal_tim_ex.o
                0x0000000008003914                HAL_TIMEx_MasterConfigSynchronization
 .text.HAL_TIMEx_ConfigBreakDeadTime
                0x00000000080039d0       0xa2 ./Drivers/STM32F1xx_HAL_Driver/Src/stm32f1xx_hal_tim_ex.o
                0x00000000080039d0                HAL_TIMEx_ConfigBreakDeadTime
 *fill*         0x0000000008003a72        0x2 
 .text.__libc_init_array
                0x0000000008003a74       0x48 /opt/st/stm32cubeide_1.11.2/plugins/com.st.stm32cube.ide.mcu.externaltools.gnu-tools-for-stm32.10.3-2021.10.linux64_1.0.100.202210260954/tools/bin/../lib/gcc/arm-none-eabi/10.3.1/../../../../arm-none-eabi/lib/thumb/v7-m/nofp/libc_nano.a(lib_a-init.o)
                0x0000000008003a74                __libc_init_array
 .text.memmove  0x0000000008003abc       0x34 /opt/st/stm32cubeide_1.11.2/plugins/com.st.stm32cube.ide.mcu.externaltools.gnu-tools-for-stm32.10.3-2021.10.linux64_1.0.100.202210260954/tools/bin/../lib/gcc/arm-none-eabi/10.3.1/../../../../arm-none-eabi/lib/thumb/v7-m/nofp/libc_nano.a(lib_a-memmove.o)
                0x0000000008003abc                memmove
 .text.memset   0x0000000008003af0       0x10 /opt/st/stm32cubeide_1.11.2/plugins/com.st.stm32cube.ide.mcu.externaltools.gnu-tools-for-stm32.10.3-2021.10.linux64_1.0.100.202210260954/tools/bin/../lib/gcc/arm-none-eabi/10.3.1/../../../../arm-none-eabi/lib/thumb/v7-m/nofp/libc_nano.a(lib_a-memset.o)
                0x0000000008003af0                memset
 *(.glue_7)
 .glue_7        0x0000000008003b00        0x0 linker stubs
 *(.glue_7t)
 .glue_7t       0x0000000008003b00        0x0 linker stubs
 *(.eh_frame)
 .eh_frame      0x0000000008003b00        0x0 /opt/st/stm32cubeide_1.11.2/plugins/com.st.stm32cube.ide.mcu.externaltools.gnu-tools-for-stm32.10.3-2021.10.linux64_1.0.100.202210260954/tools/bin/../lib/gcc/arm-none-eabi/10.3.1/thumb/v7-m/nofp/crtbegin.o
 *(.init)
 .init          0x0000000008003b00        0x4 /opt/st/stm32cubeide_1.11.2/plugins/com.st.stm32cube.ide.mcu.externaltools.gnu-tools-for-stm32.10.3-2021.10.linux64_1.0.100.202210260954/tools/bin/../lib/gcc/arm-none-eabi/10.3.1/thumb/v7-m/nofp/crti.o
                0x0000000008003b00                _init
 .init          0x0000000008003b04        0x8 /opt/st/stm32cubeide_1.11.2/plugins/com.st.stm32cube.ide.mcu.externaltools.gnu-tools-for-stm32.10.3-2021.10.linux64_1.0.100.202210260954/tools/bin/../lib/gcc/arm-none-eabi/10.3.1/thumb/v7-m/nofp/crtn.o
 *(.fini)
 .fini          0x0000000008003b0c        0x4 /opt/st/stm32cubeide_1.11.2/plugins/com.st.stm32cube.ide.mcu.externaltools.gnu-tools-for-stm32.10.3-2021.10.linux64_1.0.100.202210260954/tools/bin/../lib/gcc/arm-none-eabi/10.3.1/thumb/v7-m/nofp/crti.o
                0x0000000008003b0c                _fini
 .fini          0x0000000008003b10        0x8 /opt/st/stm32cubeide_1.11.2/plugins/com.st.stm32cube.ide.mcu.externaltools.gnu-tools-for-stm32.10.3-2021.10.linux64_1.0.100.202210260954/tools/bin/../lib/gcc/arm-none-eabi/10.3.1/thumb/v7-m/nofp/crtn.o
                0x0000000008003b18                . = ALIGN (0x4)
                0x0000000008003b18                _etext = .

.vfp11_veneer   0x0000000008003b18        0x0
 .vfp11_veneer  0x0000000008003b18        0x0 linker stubs

.v4_bx          0x0000000008003b18        0x0
 .v4_bx         0x0000000008003b18        0x0 linker stubs

.iplt           0x0000000008003b18        0x0
 .iplt          0x0000000008003b18        0x0 /opt/st/stm32cubeide_1.11.2/plugins/com.st.stm32cube.ide.mcu.externaltools.gnu-tools-for-stm32.10.3-2021.10.linux64_1.0.100.202210260954/tools/bin/../lib/gcc/arm-none-eabi/10.3.1/thumb/v7-m/nofp/crtbegin.o

.rodata         0x0000000008003b18       0x3c
                0x0000000008003b18                . = ALIGN (0x4)
 *(.rodata)
 .rodata        0x0000000008003b18       0x14 ./Core/Src/wrapper.o
 .rodata        0x0000000008003b2c       0x10 ./Drivers/STM32F1xx_HAL_Driver/Src/stm32f1xx_hal_rcc.o
 *(.rodata*)
 .rodata.AHBPrescTable
                0x0000000008003b3c       0x10 ./Core/Src/system_stm32f1xx.o
                0x0000000008003b3c                AHBPrescTable
 .rodata.APBPrescTable
                0x0000000008003b4c        0x8 ./Core/Src/system_stm32f1xx.o
                0x0000000008003b4c                APBPrescTable
                0x0000000008003b54                . = ALIGN (0x4)

.rel.dyn        0x0000000008003b54        0x0
 .rel.iplt      0x0000000008003b54        0x0 /opt/st/stm32cubeide_1.11.2/plugins/com.st.stm32cube.ide.mcu.externaltools.gnu-tools-for-stm32.10.3-2021.10.linux64_1.0.100.202210260954/tools/bin/../lib/gcc/arm-none-eabi/10.3.1/thumb/v7-m/nofp/crtbegin.o

.ARM.extab      0x0000000008003b54        0x0
                0x0000000008003b54                . = ALIGN (0x4)
 *(.ARM.extab* .gnu.linkonce.armextab.*)
                0x0000000008003b54                . = ALIGN (0x4)

.ARM            0x0000000008003b54        0x0
                0x0000000008003b54                . = ALIGN (0x4)
                0x0000000008003b54                __exidx_start = .
 *(.ARM.exidx*)
                0x0000000008003b54                __exidx_end = .
                0x0000000008003b54                . = ALIGN (0x4)

.preinit_array  0x0000000008003b54        0x0
                0x0000000008003b54                . = ALIGN (0x4)
                0x0000000008003b54                PROVIDE (__preinit_array_start = .)
 *(.preinit_array*)
                0x0000000008003b54                PROVIDE (__preinit_array_end = .)
                0x0000000008003b54                . = ALIGN (0x4)

.init_array     0x0000000008003b54        0x4
                0x0000000008003b54                . = ALIGN (0x4)
                0x0000000008003b54                PROVIDE (__init_array_start = .)
 *(SORT_BY_NAME(.init_array.*))
 *(.init_array*)
 .init_array    0x0000000008003b54        0x4 /opt/st/stm32cubeide_1.11.2/plugins/com.st.stm32cube.ide.mcu.externaltools.gnu-tools-for-stm32.10.3-2021.10.linux64_1.0.100.202210260954/tools/bin/../lib/gcc/arm-none-eabi/10.3.1/thumb/v7-m/nofp/crtbegin.o
                0x0000000008003b58                PROVIDE (__init_array_end = .)
                0x0000000008003b58                . = ALIGN (0x4)

.fini_array     0x0000000008003b58        0x4
                0x0000000008003b58                . = ALIGN (0x4)
                [!provide]                        PROVIDE (__fini_array_start = .)
 *(SORT_BY_NAME(.fini_array.*))
 *(.fini_array*)
 .fini_array    0x0000000008003b58        0x4 /opt/st/stm32cubeide_1.11.2/plugins/com.st.stm32cube.ide.mcu.externaltools.gnu-tools-for-stm32.10.3-2021.10.linux64_1.0.100.202210260954/tools/bin/../lib/gcc/arm-none-eabi/10.3.1/thumb/v7-m/nofp/crtbegin.o
                [!provide]                        PROVIDE (__fini_array_end = .)
                0x0000000008003b5c                . = ALIGN (0x4)
                0x0000000008003b5c                _sidata = LOADADDR (.data)

.data           0x0000000020000000        0xc load address 0x0000000008003b5c
                0x0000000020000000                . = ALIGN (0x4)
                0x0000000020000000                _sdata = .
 *(.data)
 *(.data*)
 .data.SystemCoreClock
                0x0000000020000000        0x4 ./Core/Src/system_stm32f1xx.o
                0x0000000020000000                SystemCoreClock
 .data.uwTickPrio
                0x0000000020000004        0x4 ./Drivers/STM32F1xx_HAL_Driver/Src/stm32f1xx_hal.o
                0x0000000020000004                uwTickPrio
 .data.uwTickFreq
                0x0000000020000008        0x1 ./Drivers/STM32F1xx_HAL_Driver/Src/stm32f1xx_hal.o
                0x0000000020000008                uwTickFreq
 *(.RamFunc)
 *(.RamFunc*)
                0x000000002000000c                . = ALIGN (0x4)
 *fill*         0x0000000020000009        0x3 
                0x000000002000000c                _edata = .

.igot.plt       0x000000002000000c        0x0 load address 0x0000000008003b68
 .igot.plt      0x000000002000000c        0x0 /opt/st/stm32cubeide_1.11.2/plugins/com.st.stm32cube.ide.mcu.externaltools.gnu-tools-for-stm32.10.3-2021.10.linux64_1.0.100.202210260954/tools/bin/../lib/gcc/arm-none-eabi/10.3.1/thumb/v7-m/nofp/crtbegin.o
                0x000000002000000c                . = ALIGN (0x4)

.bss            0x000000002000000c       0x90 load address 0x0000000008003b68
                0x000000002000000c                _sbss = .
                0x000000002000000c                __bss_start__ = _sbss
 *(.bss)
 .bss           0x000000002000000c       0x1c /opt/st/stm32cubeide_1.11.2/plugins/com.st.stm32cube.ide.mcu.externaltools.gnu-tools-for-stm32.10.3-2021.10.linux64_1.0.100.202210260954/tools/bin/../lib/gcc/arm-none-eabi/10.3.1/thumb/v7-m/nofp/crtbegin.o
 *(.bss*)
 .bss.hcan      0x0000000020000028       0x28 ./Core/Src/main.o
                0x0000000020000028                hcan
 .bss.htim1     0x0000000020000050       0x48 ./Core/Src/main.o
                0x0000000020000050                htim1
 .bss.uwTick    0x0000000020000098        0x4 ./Drivers/STM32F1xx_HAL_Driver/Src/stm32f1xx_hal.o
                0x0000000020000098                uwTick
 *(COMMON)
                0x000000002000009c                . = ALIGN (0x4)
                0x000000002000009c                _ebss = .
                0x000000002000009c                __bss_end__ = _ebss

._user_heap_stack
                0x000000002000009c      0x604 load address 0x0000000008003b68
                0x00000000200000a0                . = ALIGN (0x8)
 *fill*         0x000000002000009c        0x4 
                [!provide]                        PROVIDE (end = .)
                0x00000000200000a0                PROVIDE (_end = .)
                0x00000000200002a0                . = (. + _Min_Heap_Size)
 *fill*         0x00000000200000a0      0x200 
                0x00000000200006a0                . = (. + _Min_Stack_Size)
 *fill*         0x00000000200002a0      0x400 
                0x00000000200006a0                . = ALIGN (0x8)

/DISCARD/
 libc.a(*)
 libm.a(*)
 libgcc.a(*)

.ARM.attributes
                0x0000000000000000       0x29
 *(.ARM.attributes)
 .ARM.attributes
                0x0000000000000000       0x1d /opt/st/stm32cubeide_1.11.2/plugins/com.st.stm32cube.ide.mcu.externaltools.gnu-tools-for-stm32.10.3-2021.10.linux64_1.0.100.202210260954/tools/bin/../lib/gcc/arm-none-eabi/10.3.1/thumb/v7-m/nofp/crti.o
 .ARM.attributes
                0x000000000000001d       0x2d /opt/st/stm32cubeide_1.11.2/plugins/com.st.stm32cube.ide.mcu.externaltools.gnu-tools-for-stm32.10.3-2021.10.linux64_1.0.100.202210260954/tools/bin/../lib/gcc/arm-none-eabi/10.3.1/thumb/v7-m/nofp/crtbegin.o
 .ARM.attributes
                0x000000000000004a       0x2d ./Core/Src/main.o
 .ARM.attributes
                0x0000000000000077       0x2d ./Core/Src/stm32f1xx_hal_msp.o
 .ARM.attributes
                0x00000000000000a4       0x2d ./Core/Src/stm32f1xx_it.o
 .ARM.attributes
                0x00000000000000d1       0x2d ./Core/Src/system_stm32f1xx.o
 .ARM.attributes
                0x00000000000000fe       0x2d ./Core/Src/wrapper.o
 .ARM.attributes
                0x000000000000012b       0x21 ./Core/Startup/startup_stm32f103c8tx.o
 .ARM.attributes
                0x000000000000014c       0x2d ./Drivers/STM32F1xx_HAL_Driver/Src/stm32f1xx_hal.o
 .ARM.attributes
                0x0000000000000179       0x2d ./Drivers/STM32F1xx_HAL_Driver/Src/stm32f1xx_hal_can.o
 .ARM.attributes
                0x00000000000001a6       0x2d ./Drivers/STM32F1xx_HAL_Driver/Src/stm32f1xx_hal_cortex.o
 .ARM.attributes
                0x00000000000001d3       0x2d ./Drivers/STM32F1xx_HAL_Driver/Src/stm32f1xx_hal_gpio.o
 .ARM.attributes
                0x0000000000000200       0x2d ./Drivers/STM32F1xx_HAL_Driver/Src/stm32f1xx_hal_rcc.o
 .ARM.attributes
                0x000000000000022d       0x2d ./Drivers/STM32F1xx_HAL_Driver/Src/stm32f1xx_hal_tim.o
 .ARM.attributes
                0x000000000000025a       0x2d ./Drivers/STM32F1xx_HAL_Driver/Src/stm32f1xx_hal_tim_ex.o
 .ARM.attributes
                0x0000000000000287       0x2d /opt/st/stm32cubeide_1.11.2/plugins/com.st.stm32cube.ide.mcu.externaltools.gnu-tools-for-stm32.10.3-2021.10.linux64_1.0.100.202210260954/tools/bin/../lib/gcc/arm-none-eabi/10.3.1/../../../../arm-none-eabi/lib/thumb/v7-m/nofp/libc_nano.a(lib_a-init.o)
 .ARM.attributes
                0x00000000000002b4       0x2d /opt/st/stm32cubeide_1.11.2/plugins/com.st.stm32cube.ide.mcu.externaltools.gnu-tools-for-stm32.10.3-2021.10.linux64_1.0.100.202210260954/tools/bin/../lib/gcc/arm-none-eabi/10.3.1/../../../../arm-none-eabi/lib/thumb/v7-m/nofp/libc_nano.a(lib_a-memmove.o)
 .ARM.attributes
                0x00000000000002e1       0x2d /opt/st/stm32cubeide_1.11.2/plugins/com.st.stm32cube.ide.mcu.externaltools.gnu-tools-for-stm32.10.3-2021.10.linux64_1.0.100.202210260954/tools/bin/../lib/gcc/arm-none-eabi/10.3.1/../../../../arm-none-eabi/lib/thumb/v7-m/nofp/libc_nano.a(lib_a-memset.o)
 .ARM.attributes
                0x000000000000030e       0x1d /opt/st/stm32cubeide_1.11.2/plugins/com.st.stm32cube.ide.mcu.externaltools.gnu-tools-for-stm32.10.3-2021.10.linux64_1.0.100.202210260954/tools/bin/../lib/gcc/arm-none-eabi/10.3.1/thumb/v7-m/nofp/crtn.o
OUTPUT(elephant_collect.elf elf32-littlearm)
LOAD linker stubs
LOAD /opt/st/stm32cubeide_1.11.2/plugins/com.st.stm32cube.ide.mcu.externaltools.gnu-tools-for-stm32.10.3-2021.10.linux64_1.0.100.202210260954/tools/bin/../lib/gcc/arm-none-eabi/10.3.1/../../../../arm-none-eabi/lib/thumb/v7-m/nofp/libc.a
LOAD /opt/st/stm32cubeide_1.11.2/plugins/com.st.stm32cube.ide.mcu.externaltools.gnu-tools-for-stm32.10.3-2021.10.linux64_1.0.100.202210260954/tools/bin/../lib/gcc/arm-none-eabi/10.3.1/../../../../arm-none-eabi/lib/thumb/v7-m/nofp/libm.a
LOAD /opt/st/stm32cubeide_1.11.2/plugins/com.st.stm32cube.ide.mcu.externaltools.gnu-tools-for-stm32.10.3-2021.10.linux64_1.0.100.202210260954/tools/bin/../lib/gcc/arm-none-eabi/10.3.1/thumb/v7-m/nofp/libgcc.a

.debug_info     0x0000000000000000    0x1b220
 .debug_info    0x0000000000000000     0x1016 ./Core/Src/main.o
 .debug_info    0x0000000000001016      0xdd7 ./Core/Src/stm32f1xx_hal_msp.o
 .debug_info    0x0000000000001ded      0x122 ./Core/Src/stm32f1xx_it.o
 .debug_info    0x0000000000001f0f      0x23d ./Core/Src/system_stm32f1xx.o
 .debug_info    0x000000000000214c    0x12140 ./Core/Src/wrapper.o
 .debug_info    0x000000000001428c       0x22 ./Core/Startup/startup_stm32f103c8tx.o
 .debug_info    0x00000000000142ae      0x734 ./Drivers/STM32F1xx_HAL_Driver/Src/stm32f1xx_hal.o
 .debug_info    0x00000000000149e2      0xfb8 ./Drivers/STM32F1xx_HAL_Driver/Src/stm32f1xx_hal_can.o
 .debug_info    0x000000000001599a      0xb20 ./Drivers/STM32F1xx_HAL_Driver/Src/stm32f1xx_hal_cortex.o
 .debug_info    0x00000000000164ba      0x615 ./Drivers/STM32F1xx_HAL_Driver/Src/stm32f1xx_hal_gpio.o
 .debug_info    0x0000000000016acf      0x860 ./Drivers/STM32F1xx_HAL_Driver/Src/stm32f1xx_hal_rcc.o
 .debug_info    0x000000000001732f     0x29de ./Drivers/STM32F1xx_HAL_Driver/Src/stm32f1xx_hal_tim.o
 .debug_info    0x0000000000019d0d     0x1513 ./Drivers/STM32F1xx_HAL_Driver/Src/stm32f1xx_hal_tim_ex.o

.debug_abbrev   0x0000000000000000     0x22d1
 .debug_abbrev  0x0000000000000000      0x2e0 ./Core/Src/main.o
 .debug_abbrev  0x00000000000002e0      0x205 ./Core/Src/stm32f1xx_hal_msp.o
 .debug_abbrev  0x00000000000004e5       0x74 ./Core/Src/stm32f1xx_it.o
 .debug_abbrev  0x0000000000000559      0x13b ./Core/Src/system_stm32f1xx.o
 .debug_abbrev  0x0000000000000694      0xc01 ./Core/Src/wrapper.o
 .debug_abbrev  0x0000000000001295       0x12 ./Core/Startup/startup_stm32f103c8tx.o
 .debug_abbrev  0x00000000000012a7      0x1fb ./Drivers/STM32F1xx_HAL_Driver/Src/stm32f1xx_hal.o
 .debug_abbrev  0x00000000000014a2      0x21d ./Drivers/STM32F1xx_HAL_Driver/Src/stm32f1xx_hal_can.o
 .debug_abbrev  0x00000000000016bf      0x2ed ./Drivers/STM32F1xx_HAL_Driver/Src/stm32f1xx_hal_cortex.o
 .debug_abbrev  0x00000000000019ac      0x1bb ./Drivers/STM32F1xx_HAL_Driver/Src/stm32f1xx_hal_gpio.o
 .debug_abbrev  0x0000000000001b67      0x2a8 ./Drivers/STM32F1xx_HAL_Driver/Src/stm32f1xx_hal_rcc.o
 .debug_abbrev  0x0000000000001e0f      0x25d ./Drivers/STM32F1xx_HAL_Driver/Src/stm32f1xx_hal_tim.o
 .debug_abbrev  0x000000000000206c      0x265 ./Drivers/STM32F1xx_HAL_Driver/Src/stm32f1xx_hal_tim_ex.o

.debug_aranges  0x0000000000000000      0xb20
 .debug_aranges
                0x0000000000000000       0x48 ./Core/Src/main.o
 .debug_aranges
                0x0000000000000048       0x48 ./Core/Src/stm32f1xx_hal_msp.o
 .debug_aranges
                0x0000000000000090       0x60 ./Core/Src/stm32f1xx_it.o
 .debug_aranges
                0x00000000000000f0       0x28 ./Core/Src/system_stm32f1xx.o
 .debug_aranges
                0x0000000000000118       0xa8 ./Core/Src/wrapper.o
 .debug_aranges
                0x00000000000001c0       0x28 ./Core/Startup/startup_stm32f103c8tx.o
 .debug_aranges
                0x00000000000001e8       0xe0 ./Drivers/STM32F1xx_HAL_Driver/Src/stm32f1xx_hal.o
 .debug_aranges
                0x00000000000002c8      0x138 ./Drivers/STM32F1xx_HAL_Driver/Src/stm32f1xx_hal_can.o
 .debug_aranges
                0x0000000000000400      0x100 ./Drivers/STM32F1xx_HAL_Driver/Src/stm32f1xx_hal_cortex.o
 .debug_aranges
                0x0000000000000500       0x58 ./Drivers/STM32F1xx_HAL_Driver/Src/stm32f1xx_hal_gpio.o
 .debug_aranges
                0x0000000000000558       0x90 ./Drivers/STM32F1xx_HAL_Driver/Src/stm32f1xx_hal_rcc.o
 .debug_aranges
                0x00000000000005e8      0x3d0 ./Drivers/STM32F1xx_HAL_Driver/Src/stm32f1xx_hal_tim.o
 .debug_aranges
                0x00000000000009b8      0x168 ./Drivers/STM32F1xx_HAL_Driver/Src/stm32f1xx_hal_tim_ex.o

.debug_ranges   0x0000000000000000     0x18e0
 .debug_ranges  0x0000000000000000       0x38 ./Core/Src/main.o
 .debug_ranges  0x0000000000000038       0x38 ./Core/Src/stm32f1xx_hal_msp.o
 .debug_ranges  0x0000000000000070       0x50 ./Core/Src/stm32f1xx_it.o
 .debug_ranges  0x00000000000000c0       0x18 ./Core/Src/system_stm32f1xx.o
 .debug_ranges  0x00000000000000d8      0xf20 ./Core/Src/wrapper.o
 .debug_ranges  0x0000000000000ff8       0x20 ./Core/Startup/startup_stm32f103c8tx.o
 .debug_ranges  0x0000000000001018       0xd0 ./Drivers/STM32F1xx_HAL_Driver/Src/stm32f1xx_hal.o
 .debug_ranges  0x00000000000010e8      0x128 ./Drivers/STM32F1xx_HAL_Driver/Src/stm32f1xx_hal_can.o
 .debug_ranges  0x0000000000001210       0xf0 ./Drivers/STM32F1xx_HAL_Driver/Src/stm32f1xx_hal_cortex.o
 .debug_ranges  0x0000000000001300       0x48 ./Drivers/STM32F1xx_HAL_Driver/Src/stm32f1xx_hal_gpio.o
 .debug_ranges  0x0000000000001348       0x80 ./Drivers/STM32F1xx_HAL_Driver/Src/stm32f1xx_hal_rcc.o
 .debug_ranges  0x00000000000013c8      0x3c0 ./Drivers/STM32F1xx_HAL_Driver/Src/stm32f1xx_hal_tim.o
 .debug_ranges  0x0000000000001788      0x158 ./Drivers/STM32F1xx_HAL_Driver/Src/stm32f1xx_hal_tim_ex.o

.debug_macro    0x0000000000000000    0x1a915
 .debug_macro   0x0000000000000000      0x1ad ./Core/Src/main.o
 .debug_macro   0x00000000000001ad      0xa6c ./Core/Src/main.o
 .debug_macro   0x0000000000000c19      0x21b ./Core/Src/main.o
 .debug_macro   0x0000000000000e34       0x2e ./Core/Src/main.o
 .debug_macro   0x0000000000000e62       0x22 ./Core/Src/main.o
 .debug_macro   0x0000000000000e84       0x22 ./Core/Src/main.o
 .debug_macro   0x0000000000000ea6       0x8e ./Core/Src/main.o
 .debug_macro   0x0000000000000f34       0x51 ./Core/Src/main.o
 .debug_macro   0x0000000000000f85      0x103 ./Core/Src/main.o
 .debug_macro   0x0000000000001088       0x6a ./Core/Src/main.o
 .debug_macro   0x00000000000010f2      0x1df ./Core/Src/main.o
 .debug_macro   0x00000000000012d1       0x1c ./Core/Src/main.o
 .debug_macro   0x00000000000012ed       0x22 ./Core/Src/main.o
 .debug_macro   0x000000000000130f       0xbd ./Core/Src/main.o
 .debug_macro   0x00000000000013cc      0xd23 ./Core/Src/main.o
 .debug_macro   0x00000000000020ef     0xe09e ./Core/Src/main.o
 .debug_macro   0x000000000001018d       0x6d ./Core/Src/main.o
 .debug_macro   0x00000000000101fa     0x3468 ./Core/Src/main.o
 .debug_macro   0x0000000000013662      0x174 ./Core/Src/main.o
 .debug_macro   0x00000000000137d6       0x5c ./Core/Src/main.o
 .debug_macro   0x0000000000013832      0x5be ./Core/Src/main.o
 .debug_macro   0x0000000000013df0      0x289 ./Core/Src/main.o
 .debug_macro   0x0000000000014079      0x1cb ./Core/Src/main.o
 .debug_macro   0x0000000000014244      0x114 ./Core/Src/main.o
 .debug_macro   0x0000000000014358      0x1b2 ./Core/Src/main.o
 .debug_macro   0x000000000001450a       0x27 ./Core/Src/main.o
 .debug_macro   0x0000000000014531      0x136 ./Core/Src/main.o
 .debug_macro   0x0000000000014667      0x1bc ./Core/Src/main.o
 .debug_macro   0x0000000000014823       0x34 ./Core/Src/main.o
 .debug_macro   0x0000000000014857       0x3c ./Core/Src/main.o
 .debug_macro   0x0000000000014893      0x408 ./Core/Src/main.o
 .debug_macro   0x0000000000014c9b       0x57 ./Core/Src/main.o
 .debug_macro   0x0000000000014cf2       0x88 ./Core/Src/main.o
 .debug_macro   0x0000000000014d7a      0x241 ./Core/Src/main.o
 .debug_macro   0x0000000000014fbb      0x141 ./Core/Src/main.o
 .debug_macro   0x00000000000150fc      0x8d1 ./Core/Src/main.o
 .debug_macro   0x00000000000159cd       0x83 ./Core/Src/main.o
 .debug_macro   0x0000000000015a50      0x1ad ./Core/Src/stm32f1xx_hal_msp.o
 .debug_macro   0x0000000000015bfd      0x1b7 ./Core/Src/stm32f1xx_it.o
 .debug_macro   0x0000000000015db4      0x1a3 ./Core/Src/system_stm32f1xx.o
 .debug_macro   0x0000000000015f57      0x937 ./Core/Src/wrapper.o
 .debug_macro   0x000000000001688e      0xc0a ./Core/Src/wrapper.o
 .debug_macro   0x0000000000017498      0x18a ./Core/Src/wrapper.o
 .debug_macro   0x0000000000017622       0x10 ./Core/Src/wrapper.o
 .debug_macro   0x0000000000017632       0xba ./Core/Src/wrapper.o
 .debug_macro   0x00000000000176ec       0xf7 ./Core/Src/wrapper.o
 .debug_macro   0x00000000000177e3      0x34c ./Core/Src/wrapper.o
 .debug_macro   0x0000000000017b2f       0x94 ./Core/Src/wrapper.o
 .debug_macro   0x0000000000017bc3       0x19 ./Core/Src/wrapper.o
 .debug_macro   0x0000000000017bdc       0x10 ./Core/Src/wrapper.o
 .debug_macro   0x0000000000017bec       0x18 ./Core/Src/wrapper.o
 .debug_macro   0x0000000000017c04       0x49 ./Core/Src/wrapper.o
 .debug_macro   0x0000000000017c4d       0x35 ./Core/Src/wrapper.o